Microchip Technology Inc, v1.26 (A)

Tool Name:
  c:\progra~2\microc~1\xc16\v1.26\bin\bin\..\bin/elf-ld.exe

Command:
  -p33EP512MU810 \
  -o \
  AUAV3_AND_SLUGS_SENSOR.elf \
  -Lc:/progra~2/microc~1/xc16/v1.26/bin/bin/.. \
  -Lc:/progra~2/microc~1/xc16/v1.26/bin/bin/../../lib \
  -Lc:/progra~2/microc~1/xc16/v1.26/bin/bin/../../lib/PIC24E \
  -Lc:/progra~2/microc~1/xc16/v1.26/bin/bin/../../support/PIC24E/gld \
  -Lc:/progra~2/microc~1/xc16/v1.26/bin/bin/../../lib/PIC24F \
  -Lc:/progra~2/microc~1/xc16/v1.26/bin/bin/../../support/PIC24F/gld \
  -Lc:/progra~2/microc~1/xc16/v1.26/bin/bin/../../lib/PIC24H \
  -Lc:/progra~2/microc~1/xc16/v1.26/bin/bin/../../support/PIC24H/gld \
  -Lc:/progra~2/microc~1/xc16/v1.26/bin/bin/../../lib/dsPIC30F \
  -Lc:/progra~2/microc~1/xc16/v1.26/bin/bin/../../support/dsPIC30F/gld \
  -Lc:/progra~2/microc~1/xc16/v1.26/bin/bin/../../lib/dsPIC33E \
  -Lc:/progra~2/microc~1/xc16/v1.26/bin/bin/../../support/dsPIC33E/gld \
  -Lc:/progra~2/microc~1/xc16/v1.26/bin/bin/../../lib/dsPIC33F \
  -Lc:/progra~2/microc~1/xc16/v1.26/bin/bin/../../support/dsPIC33F/gld \
  AUAV3_AND_SLUGS_SENSOR_data.o \
  AUAV3_AND_SLUGS_SENSOR_main.o \
  MCHP_I2C2_Interrupt.o \
  MCHP_I2C2_Interrupt_data.o \
  MCHP_IC_Interrupt.o \
  MCHP_SPI1_Interrupt.o \
  MCHP_SPI1_Interrupt_data.o \
  MCHP_UART1_Interrupt.o \
  MCHP_UART4_Interrupt.o \
  MavlinkComm.o \
  adisCube16405.o \
  apUtils.o \
  circBuffer.o \
  gpsPort.o \
  gpsUblox.o \
  hil.o \
  mavlinkSensorMcu.o \
  novatel.o \
  rtGetInf.o \
  rtGetNaN.o \
  rt_nonfinite.o \
  updateSensorMcuState.o \
  AUAV3_AND_SLUGS_SENSOR.o \
  C:\PROGRA~2\MICROC~1\xc16\v1.26\lib\dsPIC33E\libp33EP512MU810-elf.a \
  C:\PROGRA~2\MICROC~1\xc16\v1.26\lib\libpic30-elf.a \
  C:\PROGRA~2\MICROC~1\xc16\v1.26\lib\libm-elf.a \
  C:\PROGRA~2\MICROC~1\xc16\v1.26\lib\libc-elf.a \
  C:\PROGRA~2\MICROC~1\xc16\v1.26\lib\libq-elf.a \
  C:\PROGRA~2\MICROC~1\xc16\v1.26\lib\libq-dsp-elf.a \
  -TP35C90~1.GLD.00 \
  -t \
  --report-mem \
  -Map=info.map \
  -cref \
  -start-group \
  --library=lega-pic30-elf \
  --library=m-elf \
  --library=lega-c-elf \
  -end-group \

Archive member included because of file (symbol)

C:\PROGRA~2\MICROC~1\xc16\v1.26\lib\dsPIC33E\libp33EP512MU810-elf.a(BusyUART2.o)
                              apUtils.o (_BusyUART2)
C:\PROGRA~2\MICROC~1\xc16\v1.26\lib\dsPIC33E\libp33EP512MU810-elf.a(putsUART2.o)
                              apUtils.o (_putsUART2)
C:\PROGRA~2\MICROC~1\xc16\v1.26\lib\libpic30-elf.a(crt0_extendedep.o)
                              (__resetPRI)
C:\PROGRA~2\MICROC~1\xc16\v1.26\lib\libpic30-elf.a(data_init_extendedep.o)
                              C:\PROGRA~2\MICROC~1\xc16\v1.26\lib\libpic30-elf.a(crt0_extendedep.o) (__data_init_extended)
C:\PROGRA~2\MICROC~1\xc16\v1.26\lib\libpic30-elf.a(delay32ep.eo)
                              MCHP_SPI1_Interrupt.o (___delay32)
C:\PROGRA~2\MICROC~1\xc16\v1.26\lib\libm-elf.a(acosf.epeo)
                              apUtils.o (_acosf)
C:\PROGRA~2\MICROC~1\xc16\v1.26\lib\libm-elf.a(addsf3.epeo)
                              AUAV3_AND_SLUGS_SENSOR.o (___subsf3)
C:\PROGRA~2\MICROC~1\xc16\v1.26\lib\libm-elf.a(asinacosf.epeo)
                              C:\PROGRA~2\MICROC~1\xc16\v1.26\lib\libm-elf.a(acosf.epeo) (__asinacosf)
C:\PROGRA~2\MICROC~1\xc16\v1.26\lib\libm-elf.a(asinf.epeo)
                              apUtils.o (_asinf)
C:\PROGRA~2\MICROC~1\xc16\v1.26\lib\libm-elf.a(atan2f.epeo)
                              apUtils.o (_atan2f)
C:\PROGRA~2\MICROC~1\xc16\v1.26\lib\libm-elf.a(atanf.epeo)
                              apUtils.o (_atanf)
C:\PROGRA~2\MICROC~1\xc16\v1.26\lib\libm-elf.a(cosf.epeo)
                              apUtils.o (_cosf)
C:\PROGRA~2\MICROC~1\xc16\v1.26\lib\libm-elf.a(divsf3.epeo)
                              gpsUblox.o (___divsf3)
C:\PROGRA~2\MICROC~1\xc16\v1.26\lib\libm-elf.a(errno.epeo)
                              C:\PROGRA~2\MICROC~1\xc16\v1.26\lib\libm-elf.a(asinacosf.epeo) (_errno)
C:\PROGRA~2\MICROC~1\xc16\v1.26\lib\libm-elf.a(expf.epeo)
                              apUtils.o (_expf)
C:\PROGRA~2\MICROC~1\xc16\v1.26\lib\libm-elf.a(feqltle.epeo)
                              MavlinkComm.o (___eqsf2)
C:\PROGRA~2\MICROC~1\xc16\v1.26\lib\libm-elf.a(fgtge.epeo)
                              AUAV3_AND_SLUGS_SENSOR.o (___gtsf2)
C:\PROGRA~2\MICROC~1\xc16\v1.26\lib\libm-elf.a(fixsfsi.epeo)
                              gpsUblox.o (_(float, int, long long, short, float, short, int))
C:\PROGRA~2\MICROC~1\xc16\v1.26\lib\libm-elf.a(fixunssfsi.epeo)
                              MavlinkComm.o (___fixunssfsi)
C:\PROGRA~2\MICROC~1\xc16\v1.26\lib\libm-elf.a(floatsisf.epeo)
                              MavlinkComm.o (___floatsisf)
C:\PROGRA~2\MICROC~1\xc16\v1.26\lib\libm-elf.a(floatunsisf.epeo)
                              MavlinkComm.o (___floatunsisf)
C:\PROGRA~2\MICROC~1\xc16\v1.26\lib\libm-elf.a(floorf.epeo)
                              AUAV3_AND_SLUGS_SENSOR.o (_floorf)
[...]
Memory Configuration

Name             Origin             Length             Attributes
data             0x001000           0x00d000           a !xr
reset            0x000000           0x000004  
ivt              0x000004           0x0001fc  
program          0x000200           0x055600           xr
auxflash         0x7fc000           0x003ffa           xr
FGS              0xf80004           0x000002  
FOSCSEL          0xf80006           0x000002  
FOSC             0xf80008           0x000002  
FWDT             0xf8000a           0x000002  
FPOR             0xf8000c           0x000002  
FICD             0xf8000e           0x000002  
FAS              0xf80010           0x000002  
FUID0            0xf80012           0x000002  
*default*        0x000000           0xffffffff  
aivt             0x000000           0xffffffff  

Linker script and memory map

LOAD AUAV3_AND_SLUGS_SENSOR_data.o
LOAD AUAV3_AND_SLUGS_SENSOR_main.o
LOAD MCHP_I2C2_Interrupt.o
LOAD MCHP_I2C2_Interrupt_data.o
LOAD MCHP_IC_Interrupt.o
LOAD MCHP_SPI1_Interrupt.o
LOAD MCHP_SPI1_Interrupt_data.o
LOAD MCHP_UART1_Interrupt.o
LOAD MCHP_UART4_Interrupt.o
LOAD MavlinkComm.o
LOAD adisCube16405.o
LOAD apUtils.o
LOAD circBuffer.o
LOAD gpsPort.o
LOAD gpsUblox.o
LOAD hil.o
LOAD mavlinkSensorMcu.o
LOAD novatel.o
LOAD rtGetInf.o
LOAD rtGetNaN.o
LOAD rt_nonfinite.o
LOAD updateSensorMcuState.o
LOAD AUAV3_AND_SLUGS_SENSOR.o
LOAD C:\PROGRA~2\MICROC~1\xc16\v1.26\lib\dsPIC33E\libp33EP512MU810-elf.a
LOAD C:\PROGRA~2\MICROC~1\xc16\v1.26\lib\libpic30-elf.a
LOAD C:\PROGRA~2\MICROC~1\xc16\v1.26\lib\libm-elf.a
LOAD C:\PROGRA~2\MICROC~1\xc16\v1.26\lib\libc-elf.a
LOAD C:\PROGRA~2\MICROC~1\xc16\v1.26\lib\libq-elf.a
LOAD C:\PROGRA~2\MICROC~1\xc16\v1.26\lib\libq-dsp-elf.a
LOAD c:/progra~2/microc~1/xc16/v1.26/bin/bin/../../lib/dsPIC33E\libp33EP512MU810-elf.a
LOAD c:/progra~2/microc~1/xc16/v1.26/bin/bin/../../lib\libfx-elf.a
                    0xf80004                  __FGS = 0xf80004
                    0xf80006                  __FOSCSEL = 0xf80006
                    0xf80008                  __FOSC = 0xf80008
                    0xf8000a                  __FWDT = 0xf8000a
                    0xf8000c                  __FPOR = 0xf8000c
                    0xf8000e                  __FICD = 0xf8000e
                    0xf80010                  __FAS = 0xf80010
                    0xf80012                  __FUID0 = 0xf80012
                    0x7fc000                  __CODE_BASE = 0x7fc000
                    0x3ffa                  __CODE_LENGTH = 0x3ffa
                    0x0004                  __IVT_BASE = 0x4
                    0x1000                  __DATA_BASE = 0x1000
                    0xd000                  __DATA_LENGTH = 0xd000
                    0x9000                  __YDATA_BASE = 0x9000
                    0xd000                  __DMA_BASE = 0xd000
                    0xdfff                  __DMA_END = 0xdfff

.reset            0x000000          0x4
                  0x000000          0x2 SHORT 0x200 ABSOLUTE (__reset)
                  0x000001          0x2 SHORT 0x4
                  0x000002          0x2 SHORT 0x0 ((ABSOLUTE (__reset) >> 0x10) & 0x7f)
                  0x000003          0x2 SHORT 0x0

.text             0x000200       0x3f36
 *(.init)
 .init            0x000200         0x38 C:\PROGRA~2\MICROC~1\xc16\v1.26\lib\libpic30-elf.a(crt0_extendedep.o)
                  0x000200                  __resetPRI
                  0x000200                  __reset
                  0x00022c                  __psv_init
 .init            0x000238         0xa8 C:\PROGRA~2\MICROC~1\xc16\v1.26\lib\libpic30-elf.a(data_init_extendedep.o)
                  0x000238                  __data_init
                  0x000238                  __data_init_extended
 *(.user_init)
 *(.handle)
 *(.isr*)
 .isr.text        0x0002e0        0x4fa AUAV3_AND_SLUGS_SENSOR_main.o
                  0x0002e0                  __T2Interrupt
                  0x000704                  _main
 .isr.text        0x0007da        0x812 MCHP_I2C2_Interrupt.o
                  0x0007da                  __MI2C2Interrupt
 .isr.text        0x000fec        0x14a MCHP_IC_Interrupt.o
                  0x000fec                  __IC1Interrupt
                  0x00102e                  __IC2Interrupt
                  0x001070                  __IC3Interrupt
                  0x0010b2                  __IC4Interrupt
                  0x0010f4                  __IC5Interrupt
 .isr.text        0x001136        0x1aa MCHP_SPI1_Interrupt.o
                  0x001136                  __SPI1Interrupt
 .isr.text        0x0012e0         0x5c MCHP_UART1_Interrupt.o
                  0x0012e0                  __U1TXInterrupt
 .isr.text        0x00133c         0x5c MCHP_UART4_Interrupt.o
                  0x00133c                  __U4TXInterrupt
 .isr             0x001398          0x4 default_isr
                  0x001398                  __DefaultInterrupt
 *(.libc)
 .libc            0x00139c         0x10 C:\PROGRA~2\MICROC~1\xc16\v1.26\lib\libc-elf.a(isspace.epeso)
                  0x00139c                  _isspace
 .libc            0x0013ac         0x5c c:/progra~2/microc~1/xc16/v1.26/bin/bin/../../lib\liblega-pic30-elf.a(writeep.Leo)
                  0x0013ac                  _write
 *(.libm)
 *(.libdsp)
 *(.lib*)
 .libperi         0x001408          0xa C:\PROGRA~2\MICROC~1\xc16\v1.26\lib\dsPIC33E\libp33EP512MU810-elf.a(BusyUART2.o)
                  0x001408                  _BusyUART2
 .libperi         0x001412         0x28 C:\PROGRA~2\MICROC~1\xc16\v1.26\lib\dsPIC33E\libp33EP512MU810-elf.a(putsUART2.o)
                  0x001412                  _putsUART2
 .libm.acosf      0x00143a          0x4 C:\PROGRA~2\MICROC~1\xc16\v1.26\lib\libm-elf.a(acosf.epeo)
                  0x00143a                  _acosf
 .libm.subsf3     0x00143e         0xbc C:\PROGRA~2\MICROC~1\xc16\v1.26\lib\libm-elf.a(addsf3.epeo)
                  0x00143e                  ___subsf3
                  0x001440                  ___addsf3
 .libm.asinacosf
                  0x0014fa         0xce C:\PROGRA~2\MICROC~1\xc16\v1.26\lib\libm-elf.a(asinacosf.epeo)
                  0x0014fa                  __asinacosf
 .libm.asinf      0x0015c8          0x4 C:\PROGRA~2\MICROC~1\xc16\v1.26\lib\libm-elf.a(asinf.epeo)
                  0x0015c8                  _asinf
 .libm.atanf      0x0015cc         0x3a C:\PROGRA~2\MICROC~1\xc16\v1.26\lib\libm-elf.a(atan2f.epeo)
                  0x0015cc                  _atan2f
 .libm.atanf      0x001606         0xca C:\PROGRA~2\MICROC~1\xc16\v1.26\lib\libm-elf.a(atanf.epeo)
                  0x001606                  _atanf
 .libm.cosf       0x0016d0          0x4 C:\PROGRA~2\MICROC~1\xc16\v1.26\lib\libm-elf.a(cosf.epeo)
                  0x0016d0                  _cosf
 .libm.divfs3     0x0016d4         0x84 C:\PROGRA~2\MICROC~1\xc16\v1.26\lib\libm-elf.a(divsf3.epeo)
                  0x0016d4                  ___divsf3
 .libm.expf       0x001758         0xc4 C:\PROGRA~2\MICROC~1\xc16\v1.26\lib\libm-elf.a(expf.epeo)
                  0x001758                  _expf
 .libm.eqsf2      0x00181c          0x4 C:\PROGRA~2\MICROC~1\xc16\v1.26\lib\libm-elf.a(feqltle.epeo)
                  0x00181c                  ___eqsf2
                  0x00181c                  ___ltsf2
                  0x00181c                  ___lesf2
 .libm.gtsf2      0x001820          0x4 C:\PROGRA~2\MICROC~1\xc16\v1.26\lib\libm-elf.a(fgtge.epeo)
                  0x001820                  ___gesf2
                  0x001820                  ___gtsf2
 .libm.fixsfsi    0x001824         0x42 C:\PROGRA~2\MICROC~1\xc16\v1.26\lib\libm-elf.a(fixsfsi.epeo)
                  0x001824                  _(float, int, long long, short, float, short, int)
 .libm.fixunssfsi
                  0x001866         0x36 C:\PROGRA~2\MICROC~1\xc16\v1.26\lib\libm-elf.a(fixunssfsi.epeo)
                  0x001866                  ___fixunssfsi
 .libm.floatsisf
                  0x00189c          0x6 C:\PROGRA~2\MICROC~1\xc16\v1.26\lib\libm-elf.a(floatsisf.epeo)
                  0x00189c                  ___floatsisf
 .libm.floatunsisf
                  0x0018a2          0x4 C:\PROGRA~2\MICROC~1\xc16\v1.26\lib\libm-elf.a(floatunsisf.epeo)
                  0x0018a2                  ___floatunsisf
 .libm.floorf     0x0018a6         0x10 C:\PROGRA~2\MICROC~1\xc16\v1.26\lib\libm-elf.a(floorf.epeo)
                  0x0018a6                  _floorf
 .libm.fmodf      0x0018b6          0x4 C:\PROGRA~2\MICROC~1\xc16\v1.26\lib\libm-elf.a(fmodf.epeo)
                  0x0018b6                  _fmodf
 .libm.fmodrem    0x0018ba         0x9e C:\PROGRA~2\MICROC~1\xc16\v1.26\lib\libm-elf.a(fmodrem.epeo)
                  0x0018ba                  __fmodrem
 .libm.nesf2      0x001958          0x4 C:\PROGRA~2\MICROC~1\xc16\v1.26\lib\libm-elf.a(fne.epeo)
                  0x001958                  ___nesf2
 .libm.fpack      0x00195c         0x4c C:\PROGRA~2\MICROC~1\xc16\v1.26\lib\libm-elf.a(fpack.epeo)
                  0x00195c                  __fpack
 .libm.funpack    0x0019a8         0x2a C:\PROGRA~2\MICROC~1\xc16\v1.26\lib\libm-elf.a(funpack.epeo)
                  0x0019a8                  __funpack
 .libm.funpack2
                  0x0019d2         0x10 C:\PROGRA~2\MICROC~1\xc16\v1.26\lib\libm-elf.a(funpack2.epeo)
                  0x0019d2                  __funpack2
 .libm.fPropagateNaN
                  0x0019e2         0x12 C:\PROGRA~2\MICROC~1\xc16\v1.26\lib\libm-elf.a(futil.epeo)
                  0x0019e2                  __fPropagateNaN
 .libm.fbobExit
                  0x0019f4          0x8 C:\PROGRA~2\MICROC~1\xc16\v1.26\lib\libm-elf.a(futil.epeo)
                  0x0019f4                  __fbopExit
 .libm.fbopReturnNaN
                  0x0019fc          0x6 C:\PROGRA~2\MICROC~1\xc16\v1.26\lib\libm-elf.a(futil.epeo)
                  0x0019fc                  __fbopReturnNaN
 .libm.ldexpf     0x001a02         0x44 C:\PROGRA~2\MICROC~1\xc16\v1.26\lib\libm-elf.a(ldexpf.epeo)
                  0x001a02                  _ldexpf
 .libm.mulsf3     0x001a46         0x68 C:\PROGRA~2\MICROC~1\xc16\v1.26\lib\libm-elf.a(mulsf3.epeo)
                  0x001a46                  ___mulsf3
 .libm.powf       0x001aae        0x1c6 C:\PROGRA~2\MICROC~1\xc16\v1.26\lib\libm-elf.a(powf.epeo)
                  0x001aae                  _powf
 .libm.sincosf    0x001c74         0xd2 C:\PROGRA~2\MICROC~1\xc16\v1.26\lib\libm-elf.a(sincosf.epeo)
                  0x001c74                  __sincosf
 .libm.sinf       0x001d46          0x4 C:\PROGRA~2\MICROC~1\xc16\v1.26\lib\libm-elf.a(sinf.epeo)
                  0x001d46                  _sinf
 .libm.sqrtf      0x001d4a         0x6a C:\PROGRA~2\MICROC~1\xc16\v1.26\lib\libm-elf.a(sqrtf.epeo)
                  0x001d4a                  _sqrtf
 .libm.tanf       0x001db4         0xba C:\PROGRA~2\MICROC~1\xc16\v1.26\lib\libm-elf.a(tanf.epeo)
                  0x001db4                  _tanf
 .libm.truncdfsf2
                  0x001e6e         0x56 C:\PROGRA~2\MICROC~1\xc16\v1.26\lib\libm-elf.a(truncdfsf.epeo)
                  0x001e6e                  ___truncdfsf2
 .libm.udivsi3    0x001ec4         0x20 C:\PROGRA~2\MICROC~1\xc16\v1.26\lib\libm-elf.a(udivsi3.epeo)
                  0x001ec4                  ___udivsi3
 .libm.umodsi3    0x001ee4          0x6 C:\PROGRA~2\MICROC~1\xc16\v1.26\lib\libm-elf.a(umodsi3.epeo)
                  0x001ee4                  ___umodsi3
 .libm.frexpf     0x001eea         0x1a C:\PROGRA~2\MICROC~1\xc16\v1.26\lib\libm-elf.a(_frexpf.epeo)
                  0x001eea                  __frexpf
 .libm.dunpack    0x001f04         0x4e C:\PROGRA~2\MICROC~1\xc16\v1.26\lib\libm-elf.a(dunpack.epeo)
                  0x001f04                  __dunpack
 .libm.dunpack2
                  0x001f52         0x32 C:\PROGRA~2\MICROC~1\xc16\v1.26\lib\libm-elf.a(dunpack2.epeo)
                  0x001f52                  __dunpack2
                  0x001f74                  __dreturnNaN
                  0x001f7a                  __dunpack2exit
 .libm.fchop      0x001f84         0x4e C:\PROGRA~2\MICROC~1\xc16\v1.26\lib\libm-elf.a(fchop.epeo)
                  0x001f84                  __fchop
 .libm.fcompare
                  0x001fd2         0x36 C:\PROGRA~2\MICROC~1\xc16\v1.26\lib\libm-elf.a(fcompare.epeo)
                  0x001fd2                  __fcompare
 .libm.floatdisf
                  0x002008         0x20 C:\PROGRA~2\MICROC~1\xc16\v1.26\lib\libm-elf.a(floatdisf.epeo)
                  0x002008                  ___floatdisf
 .libm.floatundisf
                  0x002028         0x5e C:\PROGRA~2\MICROC~1\xc16\v1.26\lib\libm-elf.a(floatundisf.epeo)
                  0x002028                  ___floatundisf
 .libm.logf       0x002086         0xae C:\PROGRA~2\MICROC~1\xc16\v1.26\lib\libm-elf.a(logf.epeo)
                  0x002086                  _logf
 .libm.dPropagateNaN
                  0x002134         0x1c C:\PROGRA~2\MICROC~1\xc16\v1.26\lib\libm-elf.a(dpropagateNaN.epeo)
                  0x002134                  __dPropagateNaN
 .libc.strtof     0x002150        0x1c4 C:\PROGRA~2\MICROC~1\xc16\v1.26\lib\libc-elf.a(atof.epeo)
                  0x002150                  _strtof
 .libc.strtod     0x002314          0x2 C:\PROGRA~2\MICROC~1\xc16\v1.26\lib\libc-elf.a(atof.epeo)
                  0x002314                  _strtod
 .libc.atof       0x002316          0x4 C:\PROGRA~2\MICROC~1\xc16\v1.26\lib\libc-elf.a(atof.epeo)
                  0x002316                  _atof
 .libc.atoi       0x00231a         0x3e C:\PROGRA~2\MICROC~1\xc16\v1.26\lib\libc-elf.a(atoi.epeo)
                  0x00231a                  _atoi
 .libc.memcpy     0x002358          0xe C:\PROGRA~2\MICROC~1\xc16\v1.26\lib\libc-elf.a(memcpy.epeo)
                  0x002358                  _memcpy
 .libc.strchr     0x002366         0x14 C:\PROGRA~2\MICROC~1\xc16\v1.26\lib\libc-elf.a(strchr.epeo)
                  0x002366                  _strchr
 .libc.strlen     0x00237a          0xc C:\PROGRA~2\MICROC~1\xc16\v1.26\lib\libc-elf.a(strlen.epeo)
                  0x00237a                  _strlen
 .libc.vsprintf
                  0x002386         0x28 C:\PROGRA~2\MICROC~1\xc16\v1.26\lib\libc-elf.a(vsprintf.epeo)
                  0x002386                  _vsprintf
 .libc.fround     0x0023ae         0xba C:\PROGRA~2\MICROC~1\xc16\v1.26\lib\libc-elf.a(doprnt.epeo)
 .libc.scale      0x002468         0xc4 C:\PROGRA~2\MICROC~1\xc16\v1.26\lib\libc-elf.a(doprnt.epeo)
 .libc.sputc      0x00252c         0x12 C:\PROGRA~2\MICROC~1\xc16\v1.26\lib\libc-elf.a(doprnt.epeo)
 .libc.vfprintf
                  0x00253e       0x1342 C:\PROGRA~2\MICROC~1\xc16\v1.26\lib\libc-elf.a(doprnt.epeo)
                  0x00253e                  _vfprintf
 .libc.fputc      0x003880         0x86 C:\PROGRA~2\MICROC~1\xc16\v1.26\lib\libc-elf.a(fputc.epeo)
                  0x003880                  _fputc
 .libc._flsbuf    0x003906         0x7e C:\PROGRA~2\MICROC~1\xc16\v1.26\lib\libc-elf.a(flsbuf.epeo)
                  0x003906                  __flsbuf
 .libc.dowrite    0x003984          0x4 c:/progra~2/microc~1/xc16/v1.26/bin/bin/../../lib\liblega-pic30-elf.a(writeep.Leo)
 .libm.adddf3     0x003988         0xfa c:/progra~2/microc~1/xc16/v1.26/bin/bin/../../lib\libm-elf.a(adddf3.epeo)
                  0x003988                  ___adddf3
 .libm.eqdf2      0x003a82          0xa c:/progra~2/microc~1/xc16/v1.26/bin/bin/../../lib\libm-elf.a(deqltle.epeo)
                  0x003a82                  ___eqdf2
                  0x003a82                  ___ltdf2
                  0x003a82                  ___ledf2
 .libm.gtdf2      0x003a8c          0xa c:/progra~2/microc~1/xc16/v1.26/bin/bin/../../lib\libm-elf.a(dgtge.epeo)
                  0x003a8c                  ___gtdf2
                  0x003a8c                  ___gedf2
 .libm.divdf3     0x003a96         0xb4 c:/progra~2/microc~1/xc16/v1.26/bin/bin/../../lib\libm-elf.a(divdf3.epeo)
                  0x003a96                  ___divdf3
 .libm.nedf2      0x003b4a          0xa c:/progra~2/microc~1/xc16/v1.26/bin/bin/../../lib\libm-elf.a(dne.epeo)
                  0x003b4a                  ___nedf2
 .libm.dpack      0x003b54         0x58 c:/progra~2/microc~1/xc16/v1.26/bin/bin/../../lib\libm-elf.a(dpack.epeo)
                  0x003b54                  __dpack
 .libm.extendsfdf2
                  0x003bac         0x3e c:/progra~2/microc~1/xc16/v1.26/bin/bin/../../lib\libm-elf.a(extendsfdf.epeo)
                  0x003bac                  ___extendsfdf2
 .libm.fixunsdfdi
                  0x003bea         0x62 c:/progra~2/microc~1/xc16/v1.26/bin/bin/../../lib\libm-elf.a(fixunsdfdi.epeo)
                  0x003bea                  ___fixunsdfdi
 .libm.fixunsdfsi
                  0x003c4c         0x4c c:/progra~2/microc~1/xc16/v1.26/bin/bin/../../lib\libm-elf.a(fixunsdfsi.epeo)
                  0x003c4c                  ___fixunsdfsi
 .libm.floatundidf
                  0x003c98         0x56 c:/progra~2/microc~1/xc16/v1.26/bin/bin/../../lib\libm-elf.a(floatundidf.epeo)
                  0x003c98                  ___floatundidf
 .libm.floatunsidf
                  0x003cee          0x4 c:/progra~2/microc~1/xc16/v1.26/bin/bin/../../lib\libm-elf.a(floatunsidf.epeo)
                  0x003cee                  ___floatunsidf
 .libm.frexp      0x003cf2         0x3a c:/progra~2/microc~1/xc16/v1.26/bin/bin/../../lib\libm-elf.a(frexp.epeo)
                  0x003cf2                  _frexp
                  0x003cf2                  _frexpl
 .libm.muldf3     0x003d2c         0xea c:/progra~2/microc~1/xc16/v1.26/bin/bin/../../lib\libm-elf.a(muldf3.epeo)
                  0x003d2c                  ___muldf3
 .libm.subdf3     0x003e16          0x4 c:/progra~2/microc~1/xc16/v1.26/bin/bin/../../lib\libm-elf.a(subdf3.epeo)
                  0x003e16                  ___subdf3
 .libm.mulsi3     0x003e1a          0xc c:/progra~2/microc~1/xc16/v1.26/bin/bin/../../lib\libm-elf.a(mulsi3.epeo)
                  0x003e1a                  ___mulp32peds3
                  0x003e1a                  ___mulsi3
                  0x003e1a                  ___mulp32eds3
 .libm.__PplusBdi
                  0x003e26         0x26 c:/progra~2/microc~1/xc16/v1.26/bin/bin/../../lib\libm-elf.a(divmoddi3.epeo)
 .libm.__PminusBdi
                  0x003e4c         0x26 c:/progra~2/microc~1/xc16/v1.26/bin/bin/../../lib\libm-elf.a(divmoddi3.epeo)
 .libm.__udivmoddi3
                  0x003e72         0xe6 c:/progra~2/microc~1/xc16/v1.26/bin/bin/../../lib\libm-elf.a(divmoddi3.epeo)
                  0x003e72                  ___udivmoddi3
 .libm.__udivdi3
                  0x003f58          0xe c:/progra~2/microc~1/xc16/v1.26/bin/bin/../../lib\libm-elf.a(divmoddi3.epeo)
                  0x003f58                  ___udivdi3
 .libm.__umoddi3
                  0x003f66          0x8 c:/progra~2/microc~1/xc16/v1.26/bin/bin/../../lib\libm-elf.a(divmoddi3.epeo)
                  0x003f66                  ___umoddi3
 .libm.__divdi3
                  0x003f6e         0x60 c:/progra~2/microc~1/xc16/v1.26/bin/bin/../../lib\libm-elf.a(divmoddi3.epeo)
                  0x003f6e                  ___divdi3
 .libm.__moddi3
                  0x003fce         0x5c c:/progra~2/microc~1/xc16/v1.26/bin/bin/../../lib\libm-elf.a(divmoddi3.epeo)
                  0x003fce                  ___moddi3
 .libm.__muldi3
                  0x00402a         0x52 c:/progra~2/microc~1/xc16/v1.26/bin/bin/../../lib\libm-elf.a(muldi3.epeo)
                  0x00402a                  ___muldi3
 .libm.dcompare
                  0x00407c         0x52 c:/progra~2/microc~1/xc16/v1.26/bin/bin/../../lib\libm-elf.a(dcompare.epeo)
                  0x00407c                  __dcompare
 .libm.dtype      0x0040ce         0x24 c:/progra~2/microc~1/xc16/v1.26/bin/bin/../../lib\libm-elf.a(dtype.epeo)
                  0x0040ce                  __dtype
 .libm.umuldi3    0x0040f2         0x44 c:/progra~2/microc~1/xc16/v1.26/bin/bin/../../lib\libm-elf.a(umuldi3.epeo)
                  0x0040f2                  ___umuldi3

usercode
 *(usercode)

__FGS             0xf80004          0x2
 *(__FGS.sec*)
 __FGS.sec        0xf80004          0x2 FGS
                  0xf80004                  __FGS.sec

__FOSCSEL         0xf80006          0x2
 *(__FOSCSEL.sec*)
 __FOSCSEL.sec    0xf80006          0x2 AUAV3_AND_SLUGS_SENSOR_main.o

__FOSC            0xf80008          0x2
 *(__FOSC.sec*)
 __FOSC.sec       0xf80008          0x2 AUAV3_AND_SLUGS_SENSOR_main.o

__FWDT            0xf8000a          0x2
 *(__FWDT.sec*)
 __FWDT.sec       0xf8000a          0x2 AUAV3_AND_SLUGS_SENSOR_main.o

__FPOR            0xf8000c          0x2
 *(__FPOR.sec*)
 __FPOR.sec       0xf8000c          0x2 AUAV3_AND_SLUGS_SENSOR_main.o

__FICD            0xf8000e          0x2
 *(__FICD.sec*)
 __FICD.sec       0xf8000e          0x2 AUAV3_AND_SLUGS_SENSOR_main.o

__FAS             0xf80010          0x2
 *(__FAS.sec*)
 __FAS.sec        0xf80010          0x2 AUAV3_AND_SLUGS_SENSOR_main.o

__FUID0
 *(__FUID0.sec*)

.comment
 *(.comment)

.debug_info
 *(.debug_info)
 *(.gnu.linkonce.wi.*)

.debug_abbrev
 *(.debug_abbrev)

.debug_line
 *(.debug_line)

.debug_frame
 *(.debug_frame)

.debug_str
 *(.debug_str)

.debug_loc
 *(.debug_loc)

.debug_macinfo
 *(.debug_macinfo)

.debug_pubnames
 *(.debug_pubnames)

.debug_ranges
 *(.debug_ranges)

.debug_aranges
 *(.debug_aranges)
                    0x0000                  WREG0 = 0x0
                    0x0000                  _WREG0 = 0x0
                    0x0002                  WREG1 = 0x2
                    0x0002                  _WREG1 = 0x2
                    0x0004                  WREG2 = 0x4
                    0x0004                  _WREG2 = 0x4
                    0x0006                  WREG3 = 0x6
                    0x0006                  _WREG3 = 0x6
                    0x0008                  WREG4 = 0x8
                    0x0008                  _WREG4 = 0x8
                    0x000a                  WREG5 = 0xa
                    0x000a                  _WREG5 = 0xa
                    0x000c                  WREG6 = 0xc
                    0x000c                  _WREG6 = 0xc
                    0x000e                  WREG7 = 0xe
                    0x000e                  _WREG7 = 0xe
                    0x0010                  WREG8 = 0x10
                    0x0010                  _WREG8 = 0x10
                    0x0012                  WREG9 = 0x12
                    0x0012                  _WREG9 = 0x12
                    0x0014                  WREG10 = 0x14
                    0x0014                  _WREG10 = 0x14
                    0x0016                  WREG11 = 0x16
                    0x0016                  _WREG11 = 0x16
                    0x0018                  WREG12 = 0x18
                    0x0018                  _WREG12 = 0x18
                    0x001a                  WREG13 = 0x1a
                    0x001a                  _WREG13 = 0x1a
                    0x001c                  WREG14 = 0x1c
                    0x001c                  _WREG14 = 0x1c
                    0x001e                  WREG15 = 0x1e
                    0x001e                  _WREG15 = 0x1e
                    0x0020                  SPLIM = 0x20
                    0x0020                  _SPLIM = 0x20
                    0x0022                  ACCAL = 0x22
                    0x0022                  _ACCAL = 0x22
                    0x0024                  ACCAH = 0x24
                    0x0024                  _ACCAH = 0x24
                    0x0026                  ACCAU = 0x26
                    0x0026                  _ACCAU = 0x26
                    0x0028                  ACCBL = 0x28
                    0x0028                  _ACCBL = 0x28
                    0x002a                  ACCBH = 0x2a
                    0x002a                  _ACCBH = 0x2a
                    0x002c                  ACCBU = 0x2c
                    0x002c                  _ACCBU = 0x2c
                    0x002e                  PCL = 0x2e
                    0x002e                  _PCL = 0x2e
                    0x0030                  PCH = 0x30
                    0x0030                  _PCH = 0x30
                    0x0032                  DSRPAG = 0x32
                    0x0032                  _DSRPAG = 0x32
                    0x0032                  _DSRPAGbits = 0x32
                    0x0034                  DSWPAG = 0x34
                    0x0034                  _DSWPAG = 0x34
                    0x0034                  _DSWPAGbits = 0x34
                    0x0036                  RCOUNT = 0x36
                    0x0036                  _RCOUNT = 0x36
                    0x0038                  DCOUNT = 0x38
                    0x0038                  _DCOUNT = 0x38
                    0x003a                  DOSTARTL = 0x3a
                    0x003a                  _DOSTARTL = 0x3a
                    0x003c                  DOSTARTH = 0x3c
                    0x003c                  _DOSTARTH = 0x3c
                    0x003e                  DOENDL = 0x3e
                    0x003e                  _DOENDL = 0x3e
                    0x0040                  DOENDH = 0x40
                    0x0040                  _DOENDH = 0x40
                    0x0042                  SR = 0x42
                    0x0042                  _SR = 0x42
                    0x0042                  _SRbits = 0x42
                    0x0044                  CORCON = 0x44
                    0x0044                  _CORCON = 0x44
                    0x0044                  _CORCONbits = 0x44
                    0x0046                  MODCON = 0x46
                    0x0046                  _MODCON = 0x46
                    0x0046                  _MODCONbits = 0x46
                    0x0048                  XMODSRT = 0x48
                    0x0048                  _XMODSRT = 0x48
                    0x004a                  XMODEND = 0x4a
                    0x004a                  _XMODEND = 0x4a
                    0x004c                  YMODSRT = 0x4c
                    0x004c                  _YMODSRT = 0x4c
                    0x004e                  YMODEND = 0x4e
                    0x004e                  _YMODEND = 0x4e
                    0x0050                  XBREV = 0x50
                    0x0050                  _XBREV = 0x50
                    0x0050                  _XBREVbits = 0x50
                    0x0052                  DISICNT = 0x52
                    0x0052                  _DISICNT = 0x52
                    0x0054                  TBLPAG = 0x54
                    0x0054                  _TBLPAG = 0x54
                    0x0054                  _TBLPAGbits = 0x54
                    0x0058                  MSTRPR = 0x58
                    0x0058                  _MSTRPR = 0x58
                    0x0100                  TMR1 = 0x100
                    0x0100                  _TMR1 = 0x100
                    0x0102                  PR1 = 0x102
                    0x0102                  _PR1 = 0x102
                    0x0104                  T1CON = 0x104
                    0x0104                  _T1CON = 0x104
                    0x0104                  _T1CONbits = 0x104
                    0x0106                  TMR2 = 0x106
                    0x0106                  _TMR2 = 0x106
                    0x0108                  TMR3HLD = 0x108
                    0x0108                  _TMR3HLD = 0x108
                    0x010a                  TMR3 = 0x10a
                    0x010a                  _TMR3 = 0x10a
                    0x010c                  PR2 = 0x10c
                    0x010c                  _PR2 = 0x10c
                    0x010e                  PR3 = 0x10e
                    0x010e                  _PR3 = 0x10e
                    0x0110                  T2CON = 0x110
                    0x0110                  _T2CON = 0x110
                    0x0110                  _T2CONbits = 0x110
                    0x0112                  T3CON = 0x112
                    0x0112                  _T3CON = 0x112
                    0x0112                  _T3CONbits = 0x112
                    0x0114                  TMR4 = 0x114
                    0x0114                  _TMR4 = 0x114
                    0x0116                  TMR5HLD = 0x116
                    0x0116                  _TMR5HLD = 0x116
                    0x0118                  TMR5 = 0x118
                    0x0118                  _TMR5 = 0x118
                    0x011a                  PR4 = 0x11a
                    0x011a                  _PR4 = 0x11a
                    0x011c                  PR5 = 0x11c
                    0x011c                  _PR5 = 0x11c
                    0x011e                  T4CON = 0x11e
                    0x011e                  _T4CON = 0x11e
                    0x011e                  _T4CONbits = 0x11e
                    0x0120                  T5CON = 0x120
                    0x0120                  _T5CON = 0x120
                    0x0120                  _T5CONbits = 0x120
                    0x0122                  TMR6 = 0x122
                    0x0122                  _TMR6 = 0x122
                    0x0124                  TMR7HLD = 0x124
                    0x0124                  _TMR7HLD = 0x124
                    0x0126                  TMR7 = 0x126
                    0x0126                  _TMR7 = 0x126
                    0x0128                  PR6 = 0x128
                    0x0128                  _PR6 = 0x128
                    0x012a                  PR7 = 0x12a
                    0x012a                  _PR7 = 0x12a
                    0x012c                  T6CON = 0x12c
                    0x012c                  _T6CON = 0x12c
                    0x012c                  _T6CONbits = 0x12c
                    0x012e                  T7CON = 0x12e
                    0x012e                  _T7CON = 0x12e
                    0x012e                  _T7CONbits = 0x12e
                    0x0130                  TMR8 = 0x130
                    0x0130                  _TMR8 = 0x130
                    0x0132                  TMR9HLD = 0x132
                    0x0132                  _TMR9HLD = 0x132
                    0x0134                  TMR9 = 0x134
                    0x0134                  _TMR9 = 0x134
                    0x0136                  PR8 = 0x136
                    0x0136                  _PR8 = 0x136
                    0x0138                  PR9 = 0x138
                    0x0138                  _PR9 = 0x138
                    0x013a                  T8CON = 0x13a
                    0x013a                  _T8CON = 0x13a
                    0x013a                  _T8CONbits = 0x13a
                    0x013c                  T9CON = 0x13c
                    0x013c                  _T9CON = 0x13c
                    0x013c                  _T9CONbits = 0x13c
                    0x0140                  IC1CON1 = 0x140
                    0x0140                  _IC1CON1 = 0x140
                    0x0140                  _IC1CON1bits = 0x140
                    0x0142                  IC1CON2 = 0x142
                    0x0142                  _IC1CON2 = 0x142
                    0x0142                  _IC1CON2bits = 0x142
                    0x0144                  IC1BUF = 0x144
                    0x0144                  _IC1BUF = 0x144
                    0x0146                  IC1TMR = 0x146
                    0x0146                  _IC1TMR = 0x146
                    0x0148                  IC2CON1 = 0x148
                    0x0148                  _IC2CON1 = 0x148
                    0x0148                  _IC2CON1bits = 0x148
                    0x014a                  IC2CON2 = 0x14a
                    0x014a                  _IC2CON2 = 0x14a
                    0x014a                  _IC2CON2bits = 0x14a
                    0x014c                  IC2BUF = 0x14c
                    0x014c                  _IC2BUF = 0x14c
                    0x014e                  IC2TMR = 0x14e
                    0x014e                  _IC2TMR = 0x14e
                    0x0150                  IC3CON1 = 0x150
                    0x0150                  _IC3CON1 = 0x150
                    0x0150                  _IC3CON1bits = 0x150
                    0x0152                  IC3CON2 = 0x152
                    0x0152                  _IC3CON2 = 0x152
                    0x0152                  _IC3CON2bits = 0x152
                    0x0154                  IC3BUF = 0x154
                    0x0154                  _IC3BUF = 0x154
                    0x0156                  IC3TMR = 0x156
                    0x0156                  _IC3TMR = 0x156
                    0x0158                  IC4CON1 = 0x158
                    0x0158                  _IC4CON1 = 0x158
                    0x0158                  _IC4CON1bits = 0x158
                    0x015a                  IC4CON2 = 0x15a
                    0x015a                  _IC4CON2 = 0x15a
                    0x015a                  _IC4CON2bits = 0x15a
                    0x015c                  IC4BUF = 0x15c
                    0x015c                  _IC4BUF = 0x15c
                    0x015e                  IC4TMR = 0x15e
                    0x015e                  _IC4TMR = 0x15e
                    0x0160                  IC5CON1 = 0x160
                    0x0160                  _IC5CON1 = 0x160
                    0x0160                  _IC5CON1bits = 0x160
                    0x0162                  IC5CON2 = 0x162
                    0x0162                  _IC5CON2 = 0x162
                    0x0162                  _IC5CON2bits = 0x162
                    0x0164                  IC5BUF = 0x164
                    0x0164                  _IC5BUF = 0x164
                    0x0166                  IC5TMR = 0x166
                    0x0166                  _IC5TMR = 0x166
                    0x0168                  IC6CON1 = 0x168
                    0x0168                  _IC6CON1 = 0x168
                    0x0168                  _IC6CON1bits = 0x168
                    0x016a                  IC6CON2 = 0x16a
                    0x016a                  _IC6CON2 = 0x16a
                    0x016a                  _IC6CON2bits = 0x16a
                    0x016c                  IC6BUF = 0x16c
                    0x016c                  _IC6BUF = 0x16c
                    0x016e                  IC6TMR = 0x16e
                    0x016e                  _IC6TMR = 0x16e
                    0x0170                  IC7CON1 = 0x170
                    0x0170                  _IC7CON1 = 0x170
                    0x0170                  _IC7CON1bits = 0x170
                    0x0172                  IC7CON2 = 0x172
                    0x0172                  _IC7CON2 = 0x172
                    0x0172                  _IC7CON2bits = 0x172
                    0x0174                  IC7BUF = 0x174
                    0x0174                  _IC7BUF = 0x174
                    0x0176                  IC7TMR = 0x176
                    0x0176                  _IC7TMR = 0x176
                    0x0178                  IC8CON1 = 0x178
                    0x0178                  _IC8CON1 = 0x178
                    0x0178                  _IC8CON1bits = 0x178
                    0x017a                  IC8CON2 = 0x17a
                    0x017a                  _IC8CON2 = 0x17a
                    0x017a                  _IC8CON2bits = 0x17a
                    0x017c                  IC8BUF = 0x17c
                    0x017c                  _IC8BUF = 0x17c
                    0x017e                  IC8TMR = 0x17e
                    0x017e                  _IC8TMR = 0x17e
                    0x0180                  IC9CON1 = 0x180
                    0x0180                  _IC9CON1 = 0x180
                    0x0180                  _IC9CON1bits = 0x180
                    0x0182                  IC9CON2 = 0x182
                    0x0182                  _IC9CON2 = 0x182
                    0x0182                  _IC9CON2bits = 0x182
                    0x0184                  IC9BUF = 0x184
                    0x0184                  _IC9BUF = 0x184
                    0x0186                  IC9TMR = 0x186
                    0x0186                  _IC9TMR = 0x186
                    0x0188                  IC10CON1 = 0x188
                    0x0188                  _IC10CON1 = 0x188
                    0x0188                  _IC10CON1bits = 0x188
                    0x018a                  IC10CON2 = 0x18a
                    0x018a                  _IC10CON2 = 0x18a
                    0x018a                  _IC10CON2bits = 0x18a
                    0x018c                  IC10BUF = 0x18c
                    0x018c                  _IC10BUF = 0x18c
                    0x018e                  IC10TMR = 0x18e
                    0x018e                  _IC10TMR = 0x18e
                    0x0190                  IC11CON1 = 0x190
                    0x0190                  _IC11CON1 = 0x190
                    0x0190                  _IC11CON1bits = 0x190
                    0x0192                  IC11CON2 = 0x192
                    0x0192                  _IC11CON2 = 0x192
                    0x0192                  _IC11CON2bits = 0x192
                    0x0194                  IC11BUF = 0x194
                    0x0194                  _IC11BUF = 0x194
                    0x0196                  IC11TMR = 0x196
                    0x0196                  _IC11TMR = 0x196
                    0x0198                  IC12CON1 = 0x198
                    0x0198                  _IC12CON1 = 0x198
                    0x0198                  _IC12CON1bits = 0x198
                    0x019a                  IC12CON2 = 0x19a
                    0x019a                  _IC12CON2 = 0x19a
                    0x019a                  _IC12CON2bits = 0x19a
                    0x019c                  IC12BUF = 0x19c
                    0x019c                  _IC12BUF = 0x19c
                    0x019e                  IC12TMR = 0x19e
                    0x019e                  _IC12TMR = 0x19e
                    0x01a0                  IC13CON1 = 0x1a0
                    0x01a0                  _IC13CON1 = 0x1a0
                    0x01a0                  _IC13CON1bits = 0x1a0
                    0x01a2                  IC13CON2 = 0x1a2
                    0x01a2                  _IC13CON2 = 0x1a2
                    0x01a2                  _IC13CON2bits = 0x1a2
                    0x01a4                  IC13BUF = 0x1a4
                    0x01a4                  _IC13BUF = 0x1a4
                    0x01a6                  IC13TMR = 0x1a6
                    0x01a6                  _IC13TMR = 0x1a6
                    0x01a8                  IC14CON1 = 0x1a8
                    0x01a8                  _IC14CON1 = 0x1a8
                    0x01a8                  _IC14CON1bits = 0x1a8
                    0x01aa                  IC14CON2 = 0x1aa
                    0x01aa                  _IC14CON2 = 0x1aa
                    0x01aa                  _IC14CON2bits = 0x1aa
                    0x01ac                  IC14BUF = 0x1ac
                    0x01ac                  _IC14BUF = 0x1ac
                    0x01ae                  IC14TMR = 0x1ae
                    0x01ae                  _IC14TMR = 0x1ae
                    0x01b0                  IC15CON1 = 0x1b0
                    0x01b0                  _IC15CON1 = 0x1b0
                    0x01b0                  _IC15CON1bits = 0x1b0
                    0x01b2                  IC15CON2 = 0x1b2
                    0x01b2                  _IC15CON2 = 0x1b2
                    0x01b2                  _IC15CON2bits = 0x1b2
                    0x01b4                  IC15BUF = 0x1b4
                    0x01b4                  _IC15BUF = 0x1b4
                    0x01b6                  IC15TMR = 0x1b6
                    0x01b6                  _IC15TMR = 0x1b6
                    0x01b8                  IC16CON1 = 0x1b8
                    0x01b8                  _IC16CON1 = 0x1b8
                    0x01b8                  _IC16CON1bits = 0x1b8
                    0x01ba                  IC16CON2 = 0x1ba
                    0x01ba                  _IC16CON2 = 0x1ba
                    0x01ba                  _IC16CON2bits = 0x1ba
                    0x01bc                  IC16BUF = 0x1bc
                    0x01bc                  _IC16BUF = 0x1bc
                    0x01be                  IC16TMR = 0x1be
                    0x01be                  _IC16TMR = 0x1be
                    0x01c0                  QEI1CON = 0x1c0
                    0x01c0                  _QEI1CON = 0x1c0
                    0x01c0                  _QEI1CONbits = 0x1c0
                    0x01c2                  QEI1IOC = 0x1c2
                    0x01c2                  _QEI1IOC = 0x1c2
                    0x01c2                  _QEI1IOCbits = 0x1c2
                    0x01c4                  QEI1STAT = 0x1c4
                    0x01c4                  _QEI1STAT = 0x1c4
                    0x01c4                  _QEI1STATbits = 0x1c4
                    0x01c6                  POS1CNTL = 0x1c6
                    0x01c6                  _POS1CNTL = 0x1c6
                    0x01c8                  POS1CNTH = 0x1c8
                    0x01c8                  _POS1CNTH = 0x1c8
                    0x01ca                  POS1HLD = 0x1ca
                    0x01ca                  _POS1HLD = 0x1ca
                    0x01cc                  VEL1CNT = 0x1cc
                    0x01cc                  _VEL1CNT = 0x1cc
                    0x01ce                  INT1TMRL = 0x1ce
                    0x01ce                  _INT1TMRL = 0x1ce
                    0x01d0                  INT1TMRH = 0x1d0
                    0x01d0                  _INT1TMRH = 0x1d0
                    0x01d2                  INT1HLDL = 0x1d2
                    0x01d2                  _INT1HLDL = 0x1d2
                    0x01d4                  INT1HLDH = 0x1d4
                    0x01d4                  _INT1HLDH = 0x1d4
                    0x01d6                  INDX1CNTL = 0x1d6
                    0x01d6                  _INDX1CNTL = 0x1d6
                    0x01d8                  INDX1CNTH = 0x1d8
                    0x01d8                  _INDX1CNTH = 0x1d8
                    0x01da                  INDX1HLD = 0x1da
                    0x01da                  _INDX1HLD = 0x1da
                    0x01dc                  QEI1GECL = 0x1dc
                    0x01dc                  _QEI1GECL = 0x1dc
                    0x01dc                  QEI1ICL = 0x1dc
                    0x01dc                  _QEI1ICL = 0x1dc
                    0x01de                  QEI1GECH = 0x1de
                    0x01de                  _QEI1GECH = 0x1de
                    0x01de                  QEI1ICH = 0x1de
                    0x01de                  _QEI1ICH = 0x1de
                    0x01e0                  QEI1LECL = 0x1e0
                    0x01e0                  _QEI1LECL = 0x1e0
                    0x01e2                  QEI1LECH = 0x1e2
                    0x01e2                  _QEI1LECH = 0x1e2
                    0x0200                  I2C1RCV = 0x200
                    0x0200                  _I2C1RCV = 0x200
                    0x0202                  I2C1TRN = 0x202
                    0x0202                  _I2C1TRN = 0x202
                    0x0204                  I2C1BRG = 0x204
                    0x0204                  _I2C1BRG = 0x204
                    0x0206                  I2C1CON = 0x206
                    0x0206                  _I2C1CON = 0x206
                    0x0206                  _I2C1CONbits = 0x206
                    0x0208                  I2C1STAT = 0x208
                    0x0208                  _I2C1STAT = 0x208
                    0x0208                  _I2C1STATbits = 0x208
                    0x020a                  I2C1ADD = 0x20a
                    0x020a                  _I2C1ADD = 0x20a
                    0x020c                  I2C1MSK = 0x20c
                    0x020c                  _I2C1MSK = 0x20c
                    0x0210                  I2C2RCV = 0x210
                    0x0210                  _I2C2RCV = 0x210
                    0x0212                  I2C2TRN = 0x212
                    0x0212                  _I2C2TRN = 0x212
                    0x0214                  I2C2BRG = 0x214
                    0x0214                  _I2C2BRG = 0x214
                    0x0216                  I2C2CON = 0x216
                    0x0216                  _I2C2CON = 0x216
                    0x0216                  _I2C2CONbits = 0x216
                    0x0218                  I2C2STAT = 0x218
                    0x0218                  _I2C2STAT = 0x218
                    0x0218                  _I2C2STATbits = 0x218
                    0x021a                  I2C2ADD = 0x21a
                    0x021a                  _I2C2ADD = 0x21a
                    0x021c                  I2C2MSK = 0x21c
                    0x021c                  _I2C2MSK = 0x21c
                    0x0220                  U1MODE = 0x220
                    0x0220                  _U1MODE = 0x220
                    0x0220                  _U1MODEbits = 0x220
                    0x0222                  U1STA = 0x222
                    0x0222                  _U1STA = 0x222
                    0x0222                  _U1STAbits = 0x222
                    0x0224                  U1TXREG = 0x224
                    0x0224                  _U1TXREG = 0x224
                    0x0226                  U1RXREG = 0x226
                    0x0226                  _U1RXREG = 0x226
                    0x0228                  U1BRG = 0x228
                    0x0228                  _U1BRG = 0x228
                    0x0230                  U2MODE = 0x230
                    0x0230                  _U2MODE = 0x230
                    0x0230                  _U2MODEbits = 0x230
                    0x0232                  U2STA = 0x232
                    0x0232                  _U2STA = 0x232
                    0x0232                  _U2STAbits = 0x232
                    0x0234                  U2TXREG = 0x234
                    0x0234                  _U2TXREG = 0x234
                    0x0236                  U2RXREG = 0x236
                    0x0236                  _U2RXREG = 0x236
                    0x0238                  U2BRG = 0x238
                    0x0238                  _U2BRG = 0x238
                    0x0240                  SPI1STAT = 0x240
                    0x0240                  _SPI1STAT = 0x240
                    0x0240                  _SPI1STATbits = 0x240
                    0x0242                  SPI1CON1 = 0x242
                    0x0242                  _SPI1CON1 = 0x242
                    0x0242                  _SPI1CON1bits = 0x242
                    0x0244                  SPI1CON2 = 0x244
                    0x0244                  _SPI1CON2 = 0x244
                    0x0244                  _SPI1CON2bits = 0x244
                    0x0248                  SPI1BUF = 0x248
                    0x0248                  _SPI1BUF = 0x248
                    0x0250                  U3MODE = 0x250
                    0x0250                  _U3MODE = 0x250
                    0x0250                  _U3MODEbits = 0x250
                    0x0252                  U3STA = 0x252
                    0x0252                  _U3STA = 0x252
                    0x0252                  _U3STAbits = 0x252
                    0x0254                  U3TXREG = 0x254
                    0x0254                  _U3TXREG = 0x254
                    0x0256                  U3RXREG = 0x256
                    0x0256                  _U3RXREG = 0x256
                    0x0258                  U3BRG = 0x258
                    0x0258                  _U3BRG = 0x258
                    0x0260                  SPI2STAT = 0x260
                    0x0260                  _SPI2STAT = 0x260
                    0x0260                  _SPI2STATbits = 0x260
                    0x0262                  SPI2CON1 = 0x262
                    0x0262                  _SPI2CON1 = 0x262
                    0x0262                  _SPI2CON1bits = 0x262
                    0x0264                  SPI2CON2 = 0x264
                    0x0264                  _SPI2CON2 = 0x264
                    0x0264                  _SPI2CON2bits = 0x264
                    0x0268                  SPI2BUF = 0x268
                    0x0268                  _SPI2BUF = 0x268
                    0x0280                  DCICON1 = 0x280
                    0x0280                  _DCICON1 = 0x280
                    0x0280                  _DCICON1bits = 0x280
                    0x0282                  DCICON2 = 0x282
                    0x0282                  _DCICON2 = 0x282
                    0x0282                  _DCICON2bits = 0x282
                    0x0284                  DCICON3 = 0x284
                    0x0284                  _DCICON3 = 0x284
                    0x0284                  _DCICON3bits = 0x284
                    0x0286                  DCISTAT = 0x286
                    0x0286                  _DCISTAT = 0x286
                    0x0286                  _DCISTATbits = 0x286
                    0x0288                  TSCON = 0x288
                    0x0288                  _TSCON = 0x288
                    0x0288                  _TSCONbits = 0x288
                    0x028c                  RSCON = 0x28c
                    0x028c                  _RSCON = 0x28c
                    0x028c                  _RSCONbits = 0x28c
                    0x0290                  RXBUF0 = 0x290
                    0x0290                  _RXBUF0 = 0x290
                    0x0292                  RXBUF1 = 0x292
                    0x0292                  _RXBUF1 = 0x292
                    0x0294                  RXBUF2 = 0x294
                    0x0294                  _RXBUF2 = 0x294
                    0x0296                  RXBUF3 = 0x296
                    0x0296                  _RXBUF3 = 0x296
                    0x0298                  TXBUF0 = 0x298
                    0x0298                  _TXBUF0 = 0x298
                    0x029a                  TXBUF1 = 0x29a
                    0x029a                  _TXBUF1 = 0x29a
                    0x029c                  TXBUF2 = 0x29c
                    0x029c                  _TXBUF2 = 0x29c
                    0x029e                  TXBUF3 = 0x29e
                    0x029e                  _TXBUF3 = 0x29e
                    0x02a0                  SPI3STAT = 0x2a0
                    0x02a0                  _SPI3STAT = 0x2a0
                    0x02a0                  _SPI3STATbits = 0x2a0
                    0x02a2                  SPI3CON1 = 0x2a2
                    0x02a2                  _SPI3CON1 = 0x2a2
                    0x02a2                  _SPI3CON1bits = 0x2a2
                    0x02a4                  SPI3CON2 = 0x2a4
                    0x02a4                  _SPI3CON2 = 0x2a4
                    0x02a4                  _SPI3CON2bits = 0x2a4
                    0x02a8                  SPI3BUF = 0x2a8
                    0x02a8                  _SPI3BUF = 0x2a8
                    0x02b0                  U4MODE = 0x2b0
                    0x02b0                  _U4MODE = 0x2b0
                    0x02b0                  _U4MODEbits = 0x2b0
                    0x02b2                  U4STA = 0x2b2
                    0x02b2                  _U4STA = 0x2b2
                    0x02b2                  _U4STAbits = 0x2b2
                    0x02b4                  U4TXREG = 0x2b4
                    0x02b4                  _U4TXREG = 0x2b4
                    0x02b6                  U4RXREG = 0x2b6
                    0x02b6                  _U4RXREG = 0x2b6
                    0x02b8                  U4BRG = 0x2b8
                    0x02b8                  _U4BRG = 0x2b8
                    0x02c0                  SPI4STAT = 0x2c0
                    0x02c0                  _SPI4STAT = 0x2c0
                    0x02c0                  _SPI4STATbits = 0x2c0
                    0x02c2                  SPI4CON1 = 0x2c2
                    0x02c2                  _SPI4CON1 = 0x2c2
                    0x02c2                  _SPI4CON1bits = 0x2c2
                    0x02c4                  SPI4CON2 = 0x2c4
                    0x02c4                  _SPI4CON2 = 0x2c4
                    0x02c4                  _SPI4CON2bits = 0x2c4
                    0x02c8                  SPI4BUF = 0x2c8
                    0x02c8                  _SPI4BUF = 0x2c8
                    0x0300                  ADC1BUF0 = 0x300
                    0x0300                  _ADC1BUF0 = 0x300
                    0x0302                  ADC1BUF1 = 0x302
                    0x0302                  _ADC1BUF1 = 0x302
                    0x0304                  ADC1BUF2 = 0x304
                    0x0304                  _ADC1BUF2 = 0x304
                    0x0306                  ADC1BUF3 = 0x306
                    0x0306                  _ADC1BUF3 = 0x306
                    0x0308                  ADC1BUF4 = 0x308
                    0x0308                  _ADC1BUF4 = 0x308
                    0x030a                  ADC1BUF5 = 0x30a
                    0x030a                  _ADC1BUF5 = 0x30a
                    0x030c                  ADC1BUF6 = 0x30c
                    0x030c                  _ADC1BUF6 = 0x30c
                    0x030e                  ADC1BUF7 = 0x30e
                    0x030e                  _ADC1BUF7 = 0x30e
                    0x0310                  ADC1BUF8 = 0x310
                    0x0310                  _ADC1BUF8 = 0x310
                    0x0312                  ADC1BUF9 = 0x312
                    0x0312                  _ADC1BUF9 = 0x312
                    0x0314                  ADC1BUFA = 0x314
                    0x0314                  _ADC1BUFA = 0x314
                    0x0316                  ADC1BUFB = 0x316
                    0x0316                  _ADC1BUFB = 0x316
                    0x0318                  ADC1BUFC = 0x318
                    0x0318                  _ADC1BUFC = 0x318
                    0x031a                  ADC1BUFD = 0x31a
                    0x031a                  _ADC1BUFD = 0x31a
                    0x031c                  ADC1BUFE = 0x31c
                    0x031c                  _ADC1BUFE = 0x31c
                    0x031e                  ADC1BUFF = 0x31e
                    0x031e                  _ADC1BUFF = 0x31e
                    0x0320                  AD1CON1 = 0x320
                    0x0320                  _AD1CON1 = 0x320
                    0x0320                  _AD1CON1bits = 0x320
                    0x0322                  AD1CON2 = 0x322
                    0x0322                  _AD1CON2 = 0x322
                    0x0322                  _AD1CON2bits = 0x322
                    0x0324                  AD1CON3 = 0x324
                    0x0324                  _AD1CON3 = 0x324
                    0x0324                  _AD1CON3bits = 0x324
                    0x0326                  AD1CHS123 = 0x326
                    0x0326                  _AD1CHS123 = 0x326
                    0x0326                  _AD1CHS123bits = 0x326
                    0x0328                  AD1CHS0 = 0x328
                    0x0328                  _AD1CHS0 = 0x328
                    0x0328                  _AD1CHS0bits = 0x328
                    0x032e                  AD1CSSH = 0x32e
                    0x032e                  _AD1CSSH = 0x32e
                    0x032e                  _AD1CSSHbits = 0x32e
                    0x0330                  AD1CSSL = 0x330
                    0x0330                  _AD1CSSL = 0x330
                    0x0330                  _AD1CSSLbits = 0x330
                    0x0332                  AD1CON4 = 0x332
                    0x0332                  _AD1CON4 = 0x332
                    0x0332                  _AD1CON4bits = 0x332
                    0x0340                  ADC2BUF0 = 0x340
                    0x0340                  _ADC2BUF0 = 0x340
                    0x0342                  ADC2BUF1 = 0x342
                    0x0342                  _ADC2BUF1 = 0x342
                    0x0344                  ADC2BUF2 = 0x344
                    0x0344                  _ADC2BUF2 = 0x344
                    0x0346                  ADC2BUF3 = 0x346
                    0x0346                  _ADC2BUF3 = 0x346
                    0x0348                  ADC2BUF4 = 0x348
                    0x0348                  _ADC2BUF4 = 0x348
                    0x034a                  ADC2BUF5 = 0x34a
                    0x034a                  _ADC2BUF5 = 0x34a
                    0x034c                  ADC2BUF6 = 0x34c
                    0x034c                  _ADC2BUF6 = 0x34c
                    0x034e                  ADC2BUF7 = 0x34e
                    0x034e                  _ADC2BUF7 = 0x34e
                    0x0350                  ADC2BUF8 = 0x350
                    0x0350                  _ADC2BUF8 = 0x350
                    0x0352                  ADC2BUF9 = 0x352
                    0x0352                  _ADC2BUF9 = 0x352
                    0x0354                  ADC2BUFA = 0x354
                    0x0354                  _ADC2BUFA = 0x354
                    0x0356                  ADC2BUFB = 0x356
                    0x0356                  _ADC2BUFB = 0x356
                    0x0358                  ADC2BUFC = 0x358
                    0x0358                  _ADC2BUFC = 0x358
                    0x035a                  ADC2BUFD = 0x35a
                    0x035a                  _ADC2BUFD = 0x35a
                    0x035c                  ADC2BUFE = 0x35c
                    0x035c                  _ADC2BUFE = 0x35c
                    0x035e                  ADC2BUFF = 0x35e
                    0x035e                  _ADC2BUFF = 0x35e
                    0x0360                  AD2CON1 = 0x360
                    0x0360                  _AD2CON1 = 0x360
                    0x0360                  _AD2CON1bits = 0x360
                    0x0362                  AD2CON2 = 0x362
                    0x0362                  _AD2CON2 = 0x362
                    0x0362                  _AD2CON2bits = 0x362
                    0x0364                  AD2CON3 = 0x364
                    0x0364                  _AD2CON3 = 0x364
                    0x0364                  _AD2CON3bits = 0x364
                    0x0366                  AD2CHS123 = 0x366
                    0x0366                  _AD2CHS123 = 0x366
                    0x0366                  _AD2CHS123bits = 0x366
                    0x0368                  AD2CHS0 = 0x368
                    0x0368                  _AD2CHS0 = 0x368
                    0x0368                  _AD2CHS0bits = 0x368
                    0x0370                  AD2CSSL = 0x370
                    0x0370                  _AD2CSSL = 0x370
                    0x0370                  _AD2CSSLbits = 0x370
                    0x0372                  AD2CON4 = 0x372
                    0x0372                  _AD2CON4 = 0x372
                    0x0372                  _AD2CON4bits = 0x372
                    0x0400                  C1CTRL1 = 0x400
                    0x0400                  _C1CTRL1 = 0x400
                    0x0400                  _C1CTRL1bits = 0x400
                    0x0402                  C1CTRL2 = 0x402
                    0x0402                  _C1CTRL2 = 0x402
                    0x0402                  _C1CTRL2bits = 0x402
                    0x0404                  C1VEC = 0x404
                    0x0404                  _C1VEC = 0x404
                    0x0404                  _C1VECbits = 0x404
                    0x0406                  C1FCTRL = 0x406
                    0x0406                  _C1FCTRL = 0x406
                    0x0406                  _C1FCTRLbits = 0x406
                    0x0408                  C1FIFO = 0x408
                    0x0408                  _C1FIFO = 0x408
                    0x0408                  _C1FIFObits = 0x408
                    0x040a                  C1INTF = 0x40a
                    0x040a                  _C1INTF = 0x40a
                    0x040a                  _C1INTFbits = 0x40a
                    0x040c                  C1INTE = 0x40c
                    0x040c                  _C1INTE = 0x40c
                    0x040c                  _C1INTEbits = 0x40c
                    0x040e                  C1EC = 0x40e
                    0x040e                  _C1EC = 0x40e
                    0x040e                  _C1ECbits = 0x40e
                    0x040e                  C1RERRCNT = 0x40e
                    0x040e                  _C1RERRCNT = 0x40e
                    0x040f                  C1TERRCNT = 0x40f
                    0x040f                  _C1TERRCNT = 0x40f
                    0x0410                  C1CFG1 = 0x410
                    0x0410                  _C1CFG1 = 0x410
                    0x0410                  _C1CFG1bits = 0x410
                    0x0412                  C1CFG2 = 0x412
                    0x0412                  _C1CFG2 = 0x412
                    0x0412                  _C1CFG2bits = 0x412
                    0x0414                  C1FEN1 = 0x414
                    0x0414                  _C1FEN1 = 0x414
                    0x0414                  _C1FEN1bits = 0x414
                    0x0418                  C1FMSKSEL1 = 0x418
                    0x0418                  _C1FMSKSEL1 = 0x418
                    0x0418                  _C1FMSKSEL1bits = 0x418
                    0x041a                  C1FMSKSEL2 = 0x41a
                    0x041a                  _C1FMSKSEL2 = 0x41a
                    0x041a                  _C1FMSKSEL2bits = 0x41a
                    0x0420                  C1BUFPNT1 = 0x420
                    0x0420                  _C1BUFPNT1 = 0x420
                    0x0420                  _C1BUFPNT1bits = 0x420
                    0x0420                  C1RXFUL1 = 0x420
                    0x0420                  _C1RXFUL1 = 0x420
                    0x0420                  _C1RXFUL1bits = 0x420
                    0x0422                  C1BUFPNT2 = 0x422
                    0x0422                  _C1BUFPNT2 = 0x422
                    0x0422                  _C1BUFPNT2bits = 0x422
                    0x0422                  C1RXFUL2 = 0x422
                    0x0422                  _C1RXFUL2 = 0x422
                    0x0422                  _C1RXFUL2bits = 0x422
                    0x0424                  C1BUFPNT3 = 0x424
                    0x0424                  _C1BUFPNT3 = 0x424
                    0x0424                  _C1BUFPNT3bits = 0x424
                    0x0426                  C1BUFPNT4 = 0x426
                    0x0426                  _C1BUFPNT4 = 0x426
                    0x0426                  _C1BUFPNT4bits = 0x426
                    0x0428                  C1RXOVF1 = 0x428
                    0x0428                  _C1RXOVF1 = 0x428
                    0x0428                  _C1RXOVF1bits = 0x428
                    0x042a                  C1RXOVF2 = 0x42a
                    0x042a                  _C1RXOVF2 = 0x42a
                    0x042a                  _C1RXOVF2bits = 0x42a
                    0x0430                  C1RXM0SID = 0x430
                    0x0430                  _C1RXM0SID = 0x430
                    0x0430                  _C1RXM0SIDbits = 0x430
                    0x0430                  C1TR01CON = 0x430
                    0x0430                  _C1TR01CON = 0x430
                    0x0430                  _C1TR01CONbits = 0x430
                    0x0432                  C1RXM0EID = 0x432
                    0x0432                  _C1RXM0EID = 0x432
                    0x0432                  _C1RXM0EIDbits = 0x432
                    0x0432                  C1TR23CON = 0x432
                    0x0432                  _C1TR23CON = 0x432
                    0x0432                  _C1TR23CONbits = 0x432
                    0x0434                  C1RXM1SID = 0x434
                    0x0434                  _C1RXM1SID = 0x434
                    0x0434                  _C1RXM1SIDbits = 0x434
                    0x0434                  C1TR45CON = 0x434
                    0x0434                  _C1TR45CON = 0x434
                    0x0434                  _C1TR45CONbits = 0x434
                    0x0436                  C1RXM1EID = 0x436
                    0x0436                  _C1RXM1EID = 0x436
                    0x0436                  _C1RXM1EIDbits = 0x436
                    0x0436                  C1TR67CON = 0x436
                    0x0436                  _C1TR67CON = 0x436
                    0x0436                  _C1TR67CONbits = 0x436
                    0x0438                  C1RXM2SID = 0x438
                    0x0438                  _C1RXM2SID = 0x438
                    0x0438                  _C1RXM2SIDbits = 0x438
                    0x043a                  C1RXM2EID = 0x43a
                    0x043a                  _C1RXM2EID = 0x43a
                    0x043a                  _C1RXM2EIDbits = 0x43a
                    0x0440                  C1RXD = 0x440
                    0x0440                  _C1RXD = 0x440
                    0x0440                  C1RXF0SID = 0x440
                    0x0440                  _C1RXF0SID = 0x440
                    0x0440                  _C1RXF0SIDbits = 0x440
                    0x0442                  C1RXF0EID = 0x442
                    0x0442                  _C1RXF0EID = 0x442
                    0x0442                  _C1RXF0EIDbits = 0x442
                    0x0442                  C1TXD = 0x442
                    0x0442                  _C1TXD = 0x442
                    0x0442                  _C1TXDbits = 0x442
                    0x0444                  C1RXF1SID = 0x444
                    0x0444                  _C1RXF1SID = 0x444
                    0x0444                  _C1RXF1SIDbits = 0x444
                    0x0446                  C1RXF1EID = 0x446
                    0x0446                  _C1RXF1EID = 0x446
                    0x0446                  _C1RXF1EIDbits = 0x446
                    0x0448                  C1RXF2SID = 0x448
                    0x0448                  _C1RXF2SID = 0x448
                    0x0448                  _C1RXF2SIDbits = 0x448
                    0x044a                  C1RXF2EID = 0x44a
                    0x044a                  _C1RXF2EID = 0x44a
                    0x044a                  _C1RXF2EIDbits = 0x44a
                    0x044c                  C1RXF3SID = 0x44c
                    0x044c                  _C1RXF3SID = 0x44c
                    0x044c                  _C1RXF3SIDbits = 0x44c
                    0x044e                  C1RXF3EID = 0x44e
                    0x044e                  _C1RXF3EID = 0x44e
                    0x044e                  _C1RXF3EIDbits = 0x44e
                    0x0450                  C1RXF4SID = 0x450
                    0x0450                  _C1RXF4SID = 0x450
                    0x0450                  _C1RXF4SIDbits = 0x450
                    0x0452                  C1RXF4EID = 0x452
                    0x0452                  _C1RXF4EID = 0x452
                    0x0452                  _C1RXF4EIDbits = 0x452
                    0x0454                  C1RXF5SID = 0x454
                    0x0454                  _C1RXF5SID = 0x454
                    0x0454                  _C1RXF5SIDbits = 0x454
                    0x0456                  C1RXF5EID = 0x456
                    0x0456                  _C1RXF5EID = 0x456
                    0x0456                  _C1RXF5EIDbits = 0x456
                    0x0458                  C1RXF6SID = 0x458
                    0x0458                  _C1RXF6SID = 0x458
                    0x0458                  _C1RXF6SIDbits = 0x458
                    0x045a                  C1RXF6EID = 0x45a
                    0x045a                  _C1RXF6EID = 0x45a
                    0x045a                  _C1RXF6EIDbits = 0x45a
                    0x045c                  C1RXF7SID = 0x45c
                    0x045c                  _C1RXF7SID = 0x45c
                    0x045c                  _C1RXF7SIDbits = 0x45c
                    0x045e                  C1RXF7EID = 0x45e
                    0x045e                  _C1RXF7EID = 0x45e
                    0x045e                  _C1RXF7EIDbits = 0x45e
                    0x0460                  C1RXF8SID = 0x460
                    0x0460                  _C1RXF8SID = 0x460
                    0x0460                  _C1RXF8SIDbits = 0x460
                    0x0462                  C1RXF8EID = 0x462
                    0x0462                  _C1RXF8EID = 0x462
                    0x0462                  _C1RXF8EIDbits = 0x462
                    0x0464                  C1RXF9SID = 0x464
                    0x0464                  _C1RXF9SID = 0x464
                    0x0464                  _C1RXF9SIDbits = 0x464
                    0x0466                  C1RXF9EID = 0x466
                    0x0466                  _C1RXF9EID = 0x466
                    0x0466                  _C1RXF9EIDbits = 0x466
                    0x0468                  C1RXF10SID = 0x468
                    0x0468                  _C1RXF10SID = 0x468
                    0x0468                  _C1RXF10SIDbits = 0x468
                    0x046a                  C1RXF10EID = 0x46a
                    0x046a                  _C1RXF10EID = 0x46a
                    0x046a                  _C1RXF10EIDbits = 0x46a
                    0x046c                  C1RXF11SID = 0x46c
                    0x046c                  _C1RXF11SID = 0x46c
                    0x046c                  _C1RXF11SIDbits = 0x46c
                    0x046e                  C1RXF11EID = 0x46e
                    0x046e                  _C1RXF11EID = 0x46e
                    0x046e                  _C1RXF11EIDbits = 0x46e
                    0x0470                  C1RXF12SID = 0x470
                    0x0470                  _C1RXF12SID = 0x470
                    0x0470                  _C1RXF12SIDbits = 0x470
                    0x0472                  C1RXF12EID = 0x472
                    0x0472                  _C1RXF12EID = 0x472
                    0x0472                  _C1RXF12EIDbits = 0x472
                    0x0474                  C1RXF13SID = 0x474
                    0x0474                  _C1RXF13SID = 0x474
                    0x0474                  _C1RXF13SIDbits = 0x474
                    0x0476                  C1RXF13EID = 0x476
                    0x0476                  _C1RXF13EID = 0x476
                    0x0476                  _C1RXF13EIDbits = 0x476
                    0x0478                  C1RXF14SID = 0x478
                    0x0478                  _C1RXF14SID = 0x478
                    0x0478                  _C1RXF14SIDbits = 0x478
                    0x047a                  C1RXF14EID = 0x47a
                    0x047a                  _C1RXF14EID = 0x47a
                    0x047a                  _C1RXF14EIDbits = 0x47a
                    0x047c                  C1RXF15SID = 0x47c
                    0x047c                  _C1RXF15SID = 0x47c
                    0x047c                  _C1RXF15SIDbits = 0x47c
                    0x047e                  C1RXF15EID = 0x47e
                    0x047e                  _C1RXF15EID = 0x47e
                    0x047e                  _C1RXF15EIDbits = 0x47e
                    0x0488                  U1OTGIR = 0x488
                    0x0488                  _U1OTGIR = 0x488
                    0x0488                  _U1OTGIRbits = 0x488
                    0x048a                  U1OTGIE = 0x48a
                    0x048a                  _U1OTGIE = 0x48a
                    0x048a                  _U1OTGIEbits = 0x48a
                    0x048c                  U1OTGSTAT = 0x48c
                    0x048c                  _U1OTGSTAT = 0x48c
                    0x048c                  _U1OTGSTATbits = 0x48c
                    0x048e                  U1OTGCON = 0x48e
                    0x048e                  _U1OTGCON = 0x48e
                    0x048e                  _U1OTGCONbits = 0x48e
                    0x0490                  U1PWRC = 0x490
                    0x0490                  _U1PWRC = 0x490
                    0x0490                  _U1PWRCbits = 0x490
                    0x04c0                  U1IR = 0x4c0
                    0x04c0                  _U1IR = 0x4c0
                    0x04c0                  _U1IRbits = 0x4c0
                    0x04c2                  U1IE = 0x4c2
                    0x04c2                  _U1IE = 0x4c2
                    0x04c2                  _U1IEbits = 0x4c2
                    0x04c4                  U1EIR = 0x4c4
                    0x04c4                  _U1EIR = 0x4c4
                    0x04c4                  _U1EIRbits = 0x4c4
                    0x04c6                  U1EIE = 0x4c6
                    0x04c6                  _U1EIE = 0x4c6
                    0x04c6                  _U1EIEbits = 0x4c6
                    0x04c8                  U1STAT = 0x4c8
                    0x04c8                  _U1STAT = 0x4c8
                    0x04c8                  _U1STATbits = 0x4c8
                    0x04ca                  U1CON = 0x4ca
                    0x04ca                  _U1CON = 0x4ca
                    0x04ca                  _U1CONbits = 0x4ca
                    0x04cc                  U1ADDR = 0x4cc
                    0x04cc                  _U1ADDR = 0x4cc
                    0x04cc                  _U1ADDRbits = 0x4cc
                    0x04ce                  U1BDTP1 = 0x4ce
                    0x04ce                  _U1BDTP1 = 0x4ce
                    0x04ce                  _U1BDTP1bits = 0x4ce
                    0x04d0                  U1FRML = 0x4d0
                    0x04d0                  _U1FRML = 0x4d0
                    0x04d0                  _U1FRMLbits = 0x4d0
                    0x04d2                  U1FRMH = 0x4d2
                    0x04d2                  _U1FRMH = 0x4d2
                    0x04d2                  _U1FRMHbits = 0x4d2
                    0x04d4                  U1TOK = 0x4d4
                    0x04d4                  _U1TOK = 0x4d4
                    0x04d4                  _U1TOKbits = 0x4d4
                    0x04d6                  U1SOF = 0x4d6
                    0x04d6                  _U1SOF = 0x4d6
                    0x04d6                  _U1SOFbits = 0x4d6
                    0x04d8                  U1BDTP2 = 0x4d8
                    0x04d8                  _U1BDTP2 = 0x4d8
                    0x04d8                  _U1BDTP2bits = 0x4d8
                    0x04da                  U1BDTP3 = 0x4da
                    0x04da                  _U1BDTP3 = 0x4da
                    0x04da                  _U1BDTP3bits = 0x4da
                    0x04dc                  U1CNFG1 = 0x4dc
                    0x04dc                  _U1CNFG1 = 0x4dc
                    0x04dc                  _U1CNFG1bits = 0x4dc
                    0x04de                  U1CNFG2 = 0x4de
                    0x04de                  _U1CNFG2 = 0x4de
                    0x04de                  _U1CNFG2bits = 0x4de
                    0x04e0                  U1EP0 = 0x4e0
                    0x04e0                  _U1EP0 = 0x4e0
                    0x04e0                  _U1EP0bits = 0x4e0
                    0x04e2                  U1EP1 = 0x4e2
                    0x04e2                  _U1EP1 = 0x4e2
                    0x04e2                  _U1EP1bits = 0x4e2
                    0x04e4                  U1EP2 = 0x4e4
                    0x04e4                  _U1EP2 = 0x4e4
                    0x04e4                  _U1EP2bits = 0x4e4
                    0x04e6                  U1EP3 = 0x4e6
                    0x04e6                  _U1EP3 = 0x4e6
                    0x04e6                  _U1EP3bits = 0x4e6
                    0x04e8                  U1EP4 = 0x4e8
                    0x04e8                  _U1EP4 = 0x4e8
                    0x04e8                  _U1EP4bits = 0x4e8
                    0x04ea                  U1EP5 = 0x4ea
                    0x04ea                  _U1EP5 = 0x4ea
                    0x04ea                  _U1EP5bits = 0x4ea
                    0x04ec                  U1EP6 = 0x4ec
                    0x04ec                  _U1EP6 = 0x4ec
                    0x04ec                  _U1EP6bits = 0x4ec
                    0x04ee                  U1EP7 = 0x4ee
                    0x04ee                  _U1EP7 = 0x4ee
                    0x04ee                  _U1EP7bits = 0x4ee
                    0x04f0                  U1EP8 = 0x4f0
                    0x04f0                  _U1EP8 = 0x4f0
                    0x04f0                  _U1EP8bits = 0x4f0
                    0x04f2                  U1EP9 = 0x4f2
                    0x04f2                  _U1EP9 = 0x4f2
                    0x04f2                  _U1EP9bits = 0x4f2
                    0x04f4                  U1EP10 = 0x4f4
                    0x04f4                  _U1EP10 = 0x4f4
                    0x04f4                  _U1EP10bits = 0x4f4
                    0x04f6                  U1EP11 = 0x4f6
                    0x04f6                  _U1EP11 = 0x4f6
                    0x04f6                  _U1EP11bits = 0x4f6
                    0x04f8                  U1EP12 = 0x4f8
                    0x04f8                  _U1EP12 = 0x4f8
                    0x04f8                  _U1EP12bits = 0x4f8
                    0x04fa                  U1EP13 = 0x4fa
                    0x04fa                  _U1EP13 = 0x4fa
                    0x04fa                  _U1EP13bits = 0x4fa
                    0x04fc                  U1EP14 = 0x4fc
                    0x04fc                  _U1EP14 = 0x4fc
                    0x04fc                  _U1EP14bits = 0x4fc
                    0x04fe                  U1EP15 = 0x4fe
                    0x04fe                  _U1EP15 = 0x4fe
                    0x04fe                  _U1EP15bits = 0x4fe
                    0x0500                  C2CTRL1 = 0x500
                    0x0500                  _C2CTRL1 = 0x500
                    0x0500                  _C2CTRL1bits = 0x500
                    0x0502                  C2CTRL2 = 0x502
                    0x0502                  _C2CTRL2 = 0x502
                    0x0502                  _C2CTRL2bits = 0x502
                    0x0504                  C2VEC = 0x504
                    0x0504                  _C2VEC = 0x504
                    0x0504                  _C2VECbits = 0x504
                    0x0506                  C2FCTRL = 0x506
                    0x0506                  _C2FCTRL = 0x506
                    0x0506                  _C2FCTRLbits = 0x506
                    0x0508                  C2FIFO = 0x508
                    0x0508                  _C2FIFO = 0x508
                    0x0508                  _C2FIFObits = 0x508
                    0x050a                  C2INTF = 0x50a
                    0x050a                  _C2INTF = 0x50a
                    0x050a                  _C2INTFbits = 0x50a
                    0x050c                  C2INTE = 0x50c
                    0x050c                  _C2INTE = 0x50c
                    0x050c                  _C2INTEbits = 0x50c
                    0x050e                  C2EC = 0x50e
                    0x050e                  _C2EC = 0x50e
                    0x050e                  _C2ECbits = 0x50e
                    0x050e                  C2RERRCNT = 0x50e
                    0x050e                  _C2RERRCNT = 0x50e
                    0x050f                  C2TERRCNT = 0x50f
                    0x050f                  _C2TERRCNT = 0x50f
                    0x0510                  C2CFG1 = 0x510
                    0x0510                  _C2CFG1 = 0x510
                    0x0510                  _C2CFG1bits = 0x510
                    0x0512                  C2CFG2 = 0x512
                    0x0512                  _C2CFG2 = 0x512
                    0x0512                  _C2CFG2bits = 0x512
                    0x0514                  C2FEN1 = 0x514
                    0x0514                  _C2FEN1 = 0x514
                    0x0514                  _C2FEN1bits = 0x514
                    0x0518                  C2FMSKSEL1 = 0x518
                    0x0518                  _C2FMSKSEL1 = 0x518
                    0x0518                  _C2FMSKSEL1bits = 0x518
                    0x051a                  C2FMSKSEL2 = 0x51a
                    0x051a                  _C2FMSKSEL2 = 0x51a
                    0x051a                  _C2FMSKSEL2bits = 0x51a
                    0x0520                  C2BUFPNT1 = 0x520
                    0x0520                  _C2BUFPNT1 = 0x520
                    0x0520                  _C2BUFPNT1bits = 0x520
                    0x0520                  C2RXFUL1 = 0x520
                    0x0520                  _C2RXFUL1 = 0x520
                    0x0520                  _C2RXFUL1bits = 0x520
                    0x0522                  C2BUFPNT2 = 0x522
                    0x0522                  _C2BUFPNT2 = 0x522
                    0x0522                  _C2BUFPNT2bits = 0x522
                    0x0522                  C2RXFUL2 = 0x522
                    0x0522                  _C2RXFUL2 = 0x522
                    0x0522                  _C2RXFUL2bits = 0x522
                    0x0524                  C2BUFPNT3 = 0x524
                    0x0524                  _C2BUFPNT3 = 0x524
                    0x0524                  _C2BUFPNT3bits = 0x524
                    0x0526                  C2BUFPNT4 = 0x526
                    0x0526                  _C2BUFPNT4 = 0x526
                    0x0526                  _C2BUFPNT4bits = 0x526
                    0x0528                  C2RXOVF1 = 0x528
                    0x0528                  _C2RXOVF1 = 0x528
                    0x0528                  _C2RXOVF1bits = 0x528
                    0x052a                  C2RXOVF2 = 0x52a
                    0x052a                  _C2RXOVF2 = 0x52a
                    0x052a                  _C2RXOVF2bits = 0x52a
                    0x0530                  C2RXM0SID = 0x530
                    0x0530                  _C2RXM0SID = 0x530
                    0x0530                  _C2RXM0SIDbits = 0x530
                    0x0530                  C2TR01CON = 0x530
                    0x0530                  _C2TR01CON = 0x530
                    0x0530                  _C2TR01CONbits = 0x530
                    0x0532                  C2RXM0EID = 0x532
                    0x0532                  _C2RXM0EID = 0x532
                    0x0532                  _C2RXM0EIDbits = 0x532
                    0x0532                  C2TR23CON = 0x532
                    0x0532                  _C2TR23CON = 0x532
                    0x0532                  _C2TR23CONbits = 0x532
                    0x0534                  C2RXM1SID = 0x534
                    0x0534                  _C2RXM1SID = 0x534
                    0x0534                  _C2RXM1SIDbits = 0x534
                    0x0534                  C2TR45CON = 0x534
                    0x0534                  _C2TR45CON = 0x534
                    0x0534                  _C2TR45CONbits = 0x534
                    0x0536                  C2RXM1EID = 0x536
                    0x0536                  _C2RXM1EID = 0x536
                    0x0536                  _C2RXM1EIDbits = 0x536
                    0x0536                  C2TR67CON = 0x536
                    0x0536                  _C2TR67CON = 0x536
                    0x0536                  _C2TR67CONbits = 0x536
                    0x0538                  C2RXM2SID = 0x538
                    0x0538                  _C2RXM2SID = 0x538
                    0x0538                  _C2RXM2SIDbits = 0x538
                    0x053a                  C2RXM2EID = 0x53a
                    0x053a                  _C2RXM2EID = 0x53a
                    0x053a                  _C2RXM2EIDbits = 0x53a
                    0x0540                  C2RXD = 0x540
                    0x0540                  _C2RXD = 0x540
                    0x0540                  C2RXF0SID = 0x540
                    0x0540                  _C2RXF0SID = 0x540
                    0x0540                  _C2RXF0SIDbits = 0x540
                    0x0542                  C2RXF0EID = 0x542
                    0x0542                  _C2RXF0EID = 0x542
                    0x0542                  _C2RXF0EIDbits = 0x542
                    0x0542                  C2TXD = 0x542
                    0x0542                  _C2TXD = 0x542
                    0x0542                  _C2TXDbits = 0x542
                    0x0544                  C2RXF1SID = 0x544
                    0x0544                  _C2RXF1SID = 0x544
                    0x0544                  _C2RXF1SIDbits = 0x544
                    0x0546                  C2RXF1EID = 0x546
                    0x0546                  _C2RXF1EID = 0x546
                    0x0546                  _C2RXF1EIDbits = 0x546
                    0x0548                  C2RXF2SID = 0x548
                    0x0548                  _C2RXF2SID = 0x548
                    0x0548                  _C2RXF2SIDbits = 0x548
                    0x054a                  C2RXF2EID = 0x54a
                    0x054a                  _C2RXF2EID = 0x54a
                    0x054a                  _C2RXF2EIDbits = 0x54a
                    0x054c                  C2RXF3SID = 0x54c
                    0x054c                  _C2RXF3SID = 0x54c
                    0x054c                  _C2RXF3SIDbits = 0x54c
                    0x054e                  C2RXF3EID = 0x54e
                    0x054e                  _C2RXF3EID = 0x54e
                    0x054e                  _C2RXF3EIDbits = 0x54e
                    0x0550                  C2RXF4SID = 0x550
                    0x0550                  _C2RXF4SID = 0x550
                    0x0550                  _C2RXF4SIDbits = 0x550
                    0x0552                  C2RXF4EID = 0x552
                    0x0552                  _C2RXF4EID = 0x552
                    0x0552                  _C2RXF4EIDbits = 0x552
                    0x0554                  C2RXF5SID = 0x554
                    0x0554                  _C2RXF5SID = 0x554
                    0x0554                  _C2RXF5SIDbits = 0x554
                    0x0556                  C2RXF5EID = 0x556
                    0x0556                  _C2RXF5EID = 0x556
                    0x0556                  _C2RXF5EIDbits = 0x556
                    0x0558                  C2RXF6SID = 0x558
                    0x0558                  _C2RXF6SID = 0x558
                    0x0558                  _C2RXF6SIDbits = 0x558
                    0x055a                  C2RXF6EID = 0x55a
                    0x055a                  _C2RXF6EID = 0x55a
                    0x055a                  _C2RXF6EIDbits = 0x55a
                    0x055c                  C2RXF7SID = 0x55c
                    0x055c                  _C2RXF7SID = 0x55c
                    0x055c                  _C2RXF7SIDbits = 0x55c
                    0x055e                  C2RXF7EID = 0x55e
                    0x055e                  _C2RXF7EID = 0x55e
                    0x055e                  _C2RXF7EIDbits = 0x55e
                    0x0560                  C2RXF8SID = 0x560
                    0x0560                  _C2RXF8SID = 0x560
                    0x0560                  _C2RXF8SIDbits = 0x560
                    0x0562                  C2RXF8EID = 0x562
                    0x0562                  _C2RXF8EID = 0x562
                    0x0562                  _C2RXF8EIDbits = 0x562
                    0x0564                  C2RXF9SID = 0x564
                    0x0564                  _C2RXF9SID = 0x564
                    0x0564                  _C2RXF9SIDbits = 0x564
                    0x0566                  C2RXF9EID = 0x566
                    0x0566                  _C2RXF9EID = 0x566
                    0x0566                  _C2RXF9EIDbits = 0x566
                    0x0568                  C2RXF10SID = 0x568
                    0x0568                  _C2RXF10SID = 0x568
                    0x0568                  _C2RXF10SIDbits = 0x568
                    0x056a                  C2RXF10EID = 0x56a
                    0x056a                  _C2RXF10EID = 0x56a
                    0x056a                  _C2RXF10EIDbits = 0x56a
                    0x056c                  C2RXF11SID = 0x56c
                    0x056c                  _C2RXF11SID = 0x56c
                    0x056c                  _C2RXF11SIDbits = 0x56c
                    0x056e                  C2RXF11EID = 0x56e
                    0x056e                  _C2RXF11EID = 0x56e
                    0x056e                  _C2RXF11EIDbits = 0x56e
                    0x0570                  C2RXF12SID = 0x570
                    0x0570                  _C2RXF12SID = 0x570
                    0x0570                  _C2RXF12SIDbits = 0x570
                    0x0572                  C2RXF12EID = 0x572
                    0x0572                  _C2RXF12EID = 0x572
                    0x0572                  _C2RXF12EIDbits = 0x572
                    0x0574                  C2RXF13SID = 0x574
                    0x0574                  _C2RXF13SID = 0x574
                    0x0574                  _C2RXF13SIDbits = 0x574
                    0x0576                  C2RXF13EID = 0x576
                    0x0576                  _C2RXF13EID = 0x576
                    0x0576                  _C2RXF13EIDbits = 0x576
                    0x0578                  C2RXF14SID = 0x578
                    0x0578                  _C2RXF14SID = 0x578
                    0x0578                  _C2RXF14SIDbits = 0x578
                    0x057a                  C2RXF14EID = 0x57a
                    0x057a                  _C2RXF14EID = 0x57a
                    0x057a                  _C2RXF14EIDbits = 0x57a
                    0x057c                  C2RXF15SID = 0x57c
                    0x057c                  _C2RXF15SID = 0x57c
                    0x057c                  _C2RXF15SIDbits = 0x57c
                    0x057e                  C2RXF15EID = 0x57e
                    0x057e                  _C2RXF15EID = 0x57e
                    0x057e                  _C2RXF15EIDbits = 0x57e
                    0x0580                  U1PWMRRS = 0x580
                    0x0580                  _U1PWMRRS = 0x580
                    0x0580                  _U1PWMRRSbits = 0x580
                    0x0582                  U1PWMCON = 0x582
                    0x0582                  _U1PWMCON = 0x582
                    0x0582                  _U1PWMCONbits = 0x582
                    0x05c0                  QEI2CON = 0x5c0
                    0x05c0                  _QEI2CON = 0x5c0
                    0x05c0                  _QEI2CONbits = 0x5c0
                    0x05c2                  QEI2IOC = 0x5c2
                    0x05c2                  _QEI2IOC = 0x5c2
                    0x05c2                  _QEI2IOCbits = 0x5c2
                    0x05c4                  QEI2STAT = 0x5c4
                    0x05c4                  _QEI2STAT = 0x5c4
                    0x05c4                  _QEI2STATbits = 0x5c4
                    0x05c6                  POS2CNTL = 0x5c6
                    0x05c6                  _POS2CNTL = 0x5c6
                    0x05c8                  POS2CNTH = 0x5c8
                    0x05c8                  _POS2CNTH = 0x5c8
                    0x05ca                  POS2HLD = 0x5ca
                    0x05ca                  _POS2HLD = 0x5ca
                    0x05cc                  VEL2CNT = 0x5cc
                    0x05cc                  _VEL2CNT = 0x5cc
                    0x05ce                  INT2TMRL = 0x5ce
                    0x05ce                  _INT2TMRL = 0x5ce
                    0x05d0                  INT2TMRH = 0x5d0
                    0x05d0                  _INT2TMRH = 0x5d0
                    0x05d2                  INT2HLDL = 0x5d2
                    0x05d2                  _INT2HLDL = 0x5d2
                    0x05d4                  INT2HLDH = 0x5d4
                    0x05d4                  _INT2HLDH = 0x5d4
                    0x05d6                  INDX2CNTL = 0x5d6
                    0x05d6                  _INDX2CNTL = 0x5d6
                    0x05d8                  INDX2CNTH = 0x5d8
                    0x05d8                  _INDX2CNTH = 0x5d8
                    0x05da                  INDX2HLD = 0x5da
                    0x05da                  _INDX2HLD = 0x5da
                    0x05dc                  QEI2GECL = 0x5dc
                    0x05dc                  _QEI2GECL = 0x5dc
                    0x05dc                  QEI2ICL = 0x5dc
                    0x05dc                  _QEI2ICL = 0x5dc
                    0x05de                  QEI2GECH = 0x5de
                    0x05de                  _QEI2GECH = 0x5de
                    0x05de                  QEI2ICH = 0x5de
                    0x05de                  _QEI2ICH = 0x5de
                    0x05e0                  QEI2LECL = 0x5e0
                    0x05e0                  _QEI2LECL = 0x5e0
                    0x05e2                  QEI2LECH = 0x5e2
                    0x05e2                  _QEI2LECH = 0x5e2
                    0x0600                  PMCON = 0x600