Microchip Technology Inc, vv3_31 (A) 8

Tool Name:
  c:\progra~2\microc~1\mplabc30\v3.31\bin\bin\..\bin/pic30-elf-ld.exe

Command:
  -p33EP512MU810 \
  -o \
  AUAV3_WITH_SLUGS_SENSOR_AND_CONTROLLER.elf \
  -Lc:/progra~2/microc~1/mplabc30/v3.31/bin/bin/.. \
  -Lc:/progra~2/microc~1/mplabc30/v3.31/bin/bin/../../lib \
  -Lc:/progra~2/microc~1/mplabc30/v3.31/bin/bin/../../lib/PIC24E \
  -Lc:/progra~2/microc~1/mplabc30/v3.31/bin/bin/../../support/PIC24E/gld \
  -Lc:/progra~2/microc~1/mplabc30/v3.31/bin/bin/../../lib/PIC24F \
  -Lc:/progra~2/microc~1/mplabc30/v3.31/bin/bin/../../support/PIC24F/gld \
  -Lc:/progra~2/microc~1/mplabc30/v3.31/bin/bin/../../lib/PIC24H \
  -Lc:/progra~2/microc~1/mplabc30/v3.31/bin/bin/../../support/PIC24H/gld \
  -Lc:/progra~2/microc~1/mplabc30/v3.31/bin/bin/../../lib/dsPIC30F \
  -Lc:/progra~2/microc~1/mplabc30/v3.31/bin/bin/../../support/dsPIC30F/gld \
  -Lc:/progra~2/microc~1/mplabc30/v3.31/bin/bin/../../lib/dsPIC33E \
  -Lc:/progra~2/microc~1/mplabc30/v3.31/bin/bin/../../support/dsPIC33E/gld \
  -Lc:/progra~2/microc~1/mplabc30/v3.31/bin/bin/../../lib/dsPIC33F \
  -Lc:/progra~2/microc~1/mplabc30/v3.31/bin/bin/../../support/dsPIC33F/gld \
  AUAV3_WITH_SLUGS_SENSOR_AND_CONTROLLER_data.o \
  AUAV3_WITH_SLUGS_SENSOR_AND_CONTROLLER_main.o \
  MCHP_I2C2_Interrupt.o \
  MCHP_I2C2_Interrupt_data.o \
  MCHP_IC_Interrupt.o \
  MCHP_SPI1_Interrupt.o \
  MCHP_SPI1_Interrupt_data.o \
  MCHP_UART1_Interrupt.o \
  MCHP_UART4_Interrupt.o \
  MavlinkComm.o \
  adisCube16405.o \
  apUtils.o \
  circBuffer.o \
  gpsPort.o \
  gpsUblox.o \
  hil.o \
  mavlinkCommsControlMcu.o \
  mavlinkControlMcu.o \
  mavlinkSensorMcu.o \
  navSupport.o \
  novatel.o \
  rtGetInf.o \
  rtGetNaN.o \
  rt_nonfinite.o \
  updateControlMcuState.o \
  updateSensorMcuState.o \
  AUAV3_WITH_SLUGS_SENSOR_AND_CONTROLLER.o \
  C:\PROGRA~2\MICROC~1\mplabc30\v3.31\lib\dsPIC33E\libp33EP512MU810-elf.a \
  C:\PROGRA~2\MICROC~1\mplabc30\v3.31\lib\libpic30-elf.a \
  C:\PROGRA~2\MICROC~1\mplabc30\v3.31\lib\libm-elf.a \
  C:\PROGRA~2\MICROC~1\mplabc30\v3.31\lib\libc-elf.a \
  C:\PROGRA~2\MICROC~1\mplabc30\v3.31\lib\libq-elf.a \
  C:\PROGRA~2\MICROC~1\mplabc30\v3.31\lib\libq-dsp-elf.a \
  -TP33EP5~3.GLD.00 \
  -t \
  --report-mem \
  -Map=info.map \
  -cref \
  -start-group \
  --library=pic30-elf \
  --library=m-elf \
  --library=c-elf \
  -end-group \

Archive member included because of file (symbol)

C:\PROGRA~2\MICROC~1\mplabc30\v3.31\lib\dsPIC33E\libp33EP512MU810-elf.a(BusyUART2.o)
                              apUtils.o (_BusyUART2)
C:\PROGRA~2\MICROC~1\mplabc30\v3.31\lib\dsPIC33E\libp33EP512MU810-elf.a(putsUART2.o)
                              apUtils.o (_putsUART2)
C:\PROGRA~2\MICROC~1\mplabc30\v3.31\lib\libpic30-elf.a(crt0_extendedep.o)
                              (__resetPRI)
C:\PROGRA~2\MICROC~1\mplabc30\v3.31\lib\libpic30-elf.a(data_init_extendedep.o)
                              C:\PROGRA~2\MICROC~1\mplabc30\v3.31\lib\libpic30-elf.a(crt0_extendedep.o) (__data_init_extended)
C:\PROGRA~2\MICROC~1\mplabc30\v3.31\lib\libpic30-elf.a(delay32ep.eo)
                              MCHP_SPI1_Interrupt.o (___delay32)
C:\PROGRA~2\MICROC~1\mplabc30\v3.31\lib\libm-elf.a(acosf.epeo)
                              apUtils.o (_acosf)
C:\PROGRA~2\MICROC~1\mplabc30\v3.31\lib\libm-elf.a(addsf3.epeo)
                              AUAV3_WITH_SLUGS_SENSOR_AND_CONTROLLER.o (___subsf3)
C:\PROGRA~2\MICROC~1\mplabc30\v3.31\lib\libm-elf.a(asinacosf.epeo)
                              C:\PROGRA~2\MICROC~1\mplabc30\v3.31\lib\libm-elf.a(acosf.epeo) (__asinacosf)
C:\PROGRA~2\MICROC~1\mplabc30\v3.31\lib\libm-elf.a(asinf.epeo)
                              apUtils.o (_asinf)
C:\PROGRA~2\MICROC~1\mplabc30\v3.31\lib\libm-elf.a(atan2f.epeo)
                              apUtils.o (_atan2f)
C:\PROGRA~2\MICROC~1\mplabc30\v3.31\lib\libm-elf.a(atanf.epeo)
                              apUtils.o (_atanf)
C:\PROGRA~2\MICROC~1\mplabc30\v3.31\lib\libm-elf.a(cosf.epeo)
                              apUtils.o (_cosf)
C:\PROGRA~2\MICROC~1\mplabc30\v3.31\lib\libm-elf.a(divsf3.epeo)
                              gpsUblox.o (___divsf3)
C:\PROGRA~2\MICROC~1\mplabc30\v3.31\lib\libm-elf.a(errno.epeo)
                              C:\PROGRA~2\MICROC~1\mplabc30\v3.31\lib\libm-elf.a(asinacosf.epeo) (_errno)
C:\PROGRA~2\MICROC~1\mplabc30\v3.31\lib\libm-elf.a(expf.epeo)
                              apUtils.o (_expf)
C:\PROGRA~2\MICROC~1\mplabc30\v3.31\lib\libm-elf.a(feqltle.epeo)
                              MavlinkComm.o (___eqsf2)
C:\PROGRA~2\MICROC~1\mplabc30\v3.31\lib\libm-elf.a(fgtge.epeo)
                              AUAV3_WITH_SLUGS_SENSOR_AND_CONTROLLER.o (___gtsf2)
C:\PROGRA~2\MICROC~1\mplabc30\v3.31\lib\libm-elf.a(fixsfsi.epeo)
                              gpsUblox.o (_(float, int, long long, short, float, short, int))
C:\PROGRA~2\MICROC~1\mplabc30\v3.31\lib\libm-elf.a(fixunssfsi.epeo)
                              MavlinkComm.o (___fixunssfsi)
C:\PROGRA~2\MICROC~1\mplabc30\v3.31\lib\libm-elf.a(floatsisf.epeo)
                              MavlinkComm.o (___floatsisf)
C:\PROGRA~2\MICROC~1\mplabc30\v3.31\lib\libm-elf.a(floorf.epeo)
                              navSupport.o (_floorf)
C:\PROGRA~2\MICROC~1\mplabc30\v3.31\lib\libm-elf.a(fmodf.epeo)
                              AUAV3_WITH_SLUGS_SENSOR_AND_CONTROLLER.o (_fmodf)
C:\PROGRA~2\MICROC~1\mplabc30\v3.31\lib\libm-elf.a(fmodrem.epeo)
                              C:\PROGRA~2\MICROC~1\mplabc30\v3.31\lib\libm-elf.a(fmodf.epeo) (__fmodrem)
C:\PROGRA~2\MICROC~1\mplabc30\v3.31\lib\libm-elf.a(fne.epeo)
                              MavlinkComm.o (___nesf2)
C:\PROGRA~2\MICROC~1\mplabc30\v3.31\lib\libm-elf.a(fpack.epeo)
                              C:\PROGRA~2\MICROC~1\mplabc30\v3.31\lib\libm-elf.a(addsf3.epeo) (__fpack)
C:\PROGRA~2\MICROC~1\mplabc30\v3.31\lib\libm-elf.a(funpack.epeo)
                              C:\PROGRA~2\MICROC~1\mplabc30\v3.31\lib\libm-elf.a(asinacosf.epeo) (__funpack)
C:\PROGRA~2\MICROC~1\mplabc30\v3.31\lib\libm-elf.a(funpack2.epeo)
                              C:\PROGRA~2\MICROC~1\mplabc30\v3.31\lib\libm-elf.a(addsf3.epeo) (__funpack2)
C:\PROGRA~2\MICROC~1\mplabc30\v3.31\lib\libm-elf.a(futil.epeo)
                              C:\PROGRA~2\MICROC~1\mplabc30\v3.31\lib\libm-elf.a(addsf3.epeo) (__fPropagateNaN)
C:\PROGRA~2\MICROC~1\mplabc30\v3.31\lib\libm-elf.a(ldexpf.epeo)
                              C:\PROGRA~2\MICROC~1\mplabc30\v3.31\lib\libm-elf.a(expf.epeo) (_ldexpf)
C:\PROGRA~2\MICROC~1\mplabc30\v3.31\lib\libm-elf.a(mulsf3.epeo)
                              gpsUblox.o (___mulsf3)
C:\PROGRA~2\MICROC~1\mplabc30\v3.31\lib\libm-elf.a(powf.epeo)
                              apUtils.o (_powf)
C:\PROGRA~2\MICROC~1\mplabc30\v3.31\lib\libm-elf.a(sincosf.epeo)
                              C:\PROGRA~2\MICROC~1\mplabc30\v3.31\lib\libm-elf.a(cosf.epeo) (__sincosf)
C:\PROGRA~2\MICROC~1\mplabc30\v3.31\lib\libm-elf.a(sinf.epeo)
                              apUtils.o (_sinf)
C:\PROGRA~2\MICROC~1\mplabc30\v3.31\lib\libm-elf.a(sqrtf.epeo)
                              apUtils.o (_sqrtf)
C:\PROGRA~2\MICROC~1\mplabc30\v3.31\lib\libm-elf.a(tanf.epeo)
                              apUtils.o (_tanf)
C:\PROGRA~2\MICROC~1\mplabc30\v3.31\lib\libm-elf.a(truncdfsf.epeo)
                              novatel.o (___truncdfsf2)
C:\PROGRA~2\MICROC~1\mplabc30\v3.31\lib\libm-elf.a(udivsi3.epeo)
                              MavlinkComm.o (___udivsi3)
C:\PROGRA~2\MICROC~1\mplabc30\v3.31\lib\libm-elf.a(umodsi3.epeo)
                              AUAV3_WITH_SLUGS_SENSOR_AND_CONTROLLER.o (___umodsi3)
C:\PROGRA~2\MICROC~1\mplabc30\v3.31\lib\libm-elf.a(_frexpf.epeo)
                              C:\PROGRA~2\MICROC~1\mplabc30\v3.31\lib\libm-elf.a(powf.epeo) (__frexpf)
C:\PROGRA~2\MICROC~1\mplabc30\v3.31\lib\libm-elf.a(dunpack.epeo)
                              C:\PROGRA~2\MICROC~1\mplabc30\v3.31\lib\libm-elf.a(truncdfsf.epeo) (__dunpack)
C:\PROGRA~2\MICROC~1\mplabc30\v3.31\lib\libm-elf.a(dunpack2.epeo)
                              C:\PROGRA~2\MICROC~1\mplabc30\v3.31\lib\libm-elf.a(truncdfsf.epeo) (__dunpack2exit)
C:\PROGRA~2\MICROC~1\mplabc30\v3.31\lib\libm-elf.a(fchop.epeo)
                              C:\PROGRA~2\MICROC~1\mplabc30\v3.31\lib\libm-elf.a(floorf.epeo) (__fchop)
C:\PROGRA~2\MICROC~1\mplabc30\v3.31\lib\libm-elf.a(fcompare.epeo)
                              C:\PROGRA~2\MICROC~1\mplabc30\v3.31\lib\libm-elf.a(feqltle.epeo) (__fcompare)
C:\PROGRA~2\MICROC~1\mplabc30\v3.31\lib\libm-elf.a(logf.epeo)
                              C:\PROGRA~2\MICROC~1\mplabc30\v3.31\lib\libm-elf.a(powf.epeo) (_logf)
C:\PROGRA~2\MICROC~1\mplabc30\v3.31\lib\libm-elf.a(dpropagateNaN.epeo)
                              C:\PROGRA~2\MICROC~1\mplabc30\v3.31\lib\libm-elf.a(dunpack2.epeo) (__dPropagateNaN)
C:\PROGRA~2\MICROC~1\mplabc30\v3.31\lib\libc-elf.a(atof.EPeo)
                              gpsUblox.o (_atof)
C:\PROGRA~2\MICROC~1\mplabc30\v3.31\lib\libc-elf.a(atoi.EPeo)
                              gpsUblox.o (_atoi)
C:\PROGRA~2\MICROC~1\mplabc30\v3.31\lib\libc-elf.a(memcpy.EPeo)
                              MavlinkComm.o (_memcpy)
C:\PROGRA~2\MICROC~1\mplabc30\v3.31\lib\libc-elf.a(memset.EPeo)
                              MavlinkComm.o (_memset)
C:\PROGRA~2\MICROC~1\mplabc30\v3.31\lib\libc-elf.a(strchr.EPeo)
                              gpsUblox.o (_strchr)
C:\PROGRA~2\MICROC~1\mplabc30\v3.31\lib\libc-elf.a(strlen.EPeo)
                              gpsUblox.o (_strlen)
C:\PROGRA~2\MICROC~1\mplabc30\v3.31\lib\libc-elf.a(strncpy.EPeo)
                              mavlinkCommsControlMcu.o (_strncpy)
C:\PROGRA~2\MICROC~1\mplabc30\v3.31\lib\libc-elf.a(vsprintf.EPeo)
                              apUtils.o (_vsprintf)
C:\PROGRA~2\MICROC~1\mplabc30\v3.31\lib\libc-elf.a(sprintf_cdfFnopsuxX.EPeo)
                              mavlinkCommsControlMcu.o (__sprintf_cdfFnopsuxX)
C:\PROGRA~2\MICROC~1\mplabc30\v3.31\lib\libc-elf.a(doprnt_cdfFnopsuxX.EPeo)
                              C:\PROGRA~2\MICROC~1\mplabc30\v3.31\lib\libc-elf.a(sprintf_cdfFnopsuxX.EPeo) (__vfprintf_cdfFnopsuxX)
C:\PROGRA~2\MICROC~1\mplabc30\v3.31\lib\libc-elf.a(isspace.EPelo)
                              C:\PROGRA~2\MICROC~1\mplabc30\v3.31\lib\libc-elf.a(atof.EPeo) (_isspace)
C:\PROGRA~2\MICROC~1\mplabc30\v3.31\lib\libc-elf.a(doprnt.EPelo)
                              C:\PROGRA~2\MICROC~1\mplabc30\v3.31\lib\libc-elf.a(vsprintf.EPeo) (_vfprintf)
C:\PROGRA~2\MICROC~1\mplabc30\v3.31\lib\libc-elf.a(fputc.EPelo)
                              C:\PROGRA~2\MICROC~1\mplabc30\v3.31\lib\libc-elf.a(doprnt_cdfFnopsuxX.EPeo) (_fputc)
C:\PROGRA~2\MICROC~1\mplabc30\v3.31\lib\libc-elf.a(powers.EPelo)
                              C:\PROGRA~2\MICROC~1\mplabc30\v3.31\lib\libc-elf.a(doprnt_cdfFnopsuxX.EPeo) (__npowers_)
C:\PROGRA~2\MICROC~1\mplabc30\v3.31\lib\libc-elf.a(flsbuf.EPeo)
                              C:\PROGRA~2\MICROC~1\mplabc30\v3.31\lib\libc-elf.a(fputc.EPelo) (__flsbuf)
C:\PROGRA~2\MICROC~1\mplabc30\v3.31\lib\libc-elf.a(_iob.EPeo)
                              C:\PROGRA~2\MICROC~1\mplabc30\v3.31\lib\libc-elf.a(flsbuf.EPeo) (__sobuf)
c:/progra~2/microc~1/mplabc30/v3.31/bin/bin/../../lib\libpic30-elf.a(writeep.eo)
                              C:\PROGRA~2\MICROC~1\mplabc30\v3.31\lib\libc-elf.a(fputc.EPelo) (_write)
c:/progra~2/microc~1/mplabc30/v3.31/bin/bin/../../lib\libpic30-elf.a(c30_uartep.eo)
                              c:/progra~2/microc~1/mplabc30/v3.31/bin/bin/../../lib\libpic30-elf.a(writeep.eo) (___C30_UART)
c:/progra~2/microc~1/mplabc30/v3.31/bin/bin/../../lib\libm-elf.a(adddf3.epeo)
                              C:\PROGRA~2\MICROC~1\mplabc30\v3.31\lib\libc-elf.a(doprnt_cdfFnopsuxX.EPeo) (___adddf3)
c:/progra~2/microc~1/mplabc30/v3.31/bin/bin/../../lib\libm-elf.a(deqltle.epeo)
                              C:\PROGRA~2\MICROC~1\mplabc30\v3.31\lib\libc-elf.a(doprnt_cdfFnopsuxX.EPeo) (___ltdf2)
c:/progra~2/microc~1/mplabc30/v3.31/bin/bin/../../lib\libm-elf.a(dgtge.epeo)
                              C:\PROGRA~2\MICROC~1\mplabc30\v3.31\lib\libc-elf.a(doprnt_cdfFnopsuxX.EPeo) (___gedf2)
c:/progra~2/microc~1/mplabc30/v3.31/bin/bin/../../lib\libm-elf.a(divdf3.epeo)
                              C:\PROGRA~2\MICROC~1\mplabc30\v3.31\lib\libc-elf.a(doprnt_cdfFnopsuxX.EPeo) (___divdf3)
c:/progra~2/microc~1/mplabc30/v3.31/bin/bin/../../lib\libm-elf.a(dne.epeo)
                              C:\PROGRA~2\MICROC~1\mplabc30\v3.31\lib\libc-elf.a(doprnt_cdfFnopsuxX.EPeo) (___nedf2)
c:/progra~2/microc~1/mplabc30/v3.31/bin/bin/../../lib\libm-elf.a(dpack.epeo)
                              c:/progra~2/microc~1/mplabc30/v3.31/bin/bin/../../lib\libm-elf.a(adddf3.epeo) (__dpack)
c:/progra~2/microc~1/mplabc30/v3.31/bin/bin/../../lib\libm-elf.a(extendsfdf.epeo)
                              C:\PROGRA~2\MICROC~1\mplabc30\v3.31\lib\libc-elf.a(doprnt_cdfFnopsuxX.EPeo) (___extendsfdf2)
c:/progra~2/microc~1/mplabc30/v3.31/bin/bin/../../lib\libm-elf.a(fixunsdfdi.epeo)
                              C:\PROGRA~2\MICROC~1\mplabc30\v3.31\lib\libc-elf.a(doprnt_cdfFnopsuxX.EPeo) (___fixunsdfdi)
c:/progra~2/microc~1/mplabc30/v3.31/bin/bin/../../lib\libm-elf.a(fixunsdfsi.epeo)
                              C:\PROGRA~2\MICROC~1\mplabc30\v3.31\lib\libc-elf.a(doprnt.EPelo) (___fixunsdfsi)
c:/progra~2/microc~1/mplabc30/v3.31/bin/bin/../../lib\libm-elf.a(floatdidf.epeo)
                              C:\PROGRA~2\MICROC~1\mplabc30\v3.31\lib\libc-elf.a(doprnt_cdfFnopsuxX.EPeo) (___floatdidf)
c:/progra~2/microc~1/mplabc30/v3.31/bin/bin/../../lib\libm-elf.a(floatsidf.epeo)
                              C:\PROGRA~2\MICROC~1\mplabc30\v3.31\lib\libc-elf.a(doprnt.EPelo) (___floatsidf)
c:/progra~2/microc~1/mplabc30/v3.31/bin/bin/../../lib\libm-elf.a(frexpf.epeo)
                              C:\PROGRA~2\MICROC~1\mplabc30\v3.31\lib\libc-elf.a(doprnt_cdfFnopsuxX.EPeo) (_frexpf)
c:/progra~2/microc~1/mplabc30/v3.31/bin/bin/../../lib\libm-elf.a(muldf3.epeo)
                              C:\PROGRA~2\MICROC~1\mplabc30\v3.31\lib\libc-elf.a(doprnt_cdfFnopsuxX.EPeo) (___muldf3)
c:/progra~2/microc~1/mplabc30/v3.31/bin/bin/../../lib\libm-elf.a(subdf3.epeo)
                              C:\PROGRA~2\MICROC~1\mplabc30\v3.31\lib\libc-elf.a(doprnt_cdfFnopsuxX.EPeo) (___subdf3)
c:/progra~2/microc~1/mplabc30/v3.31/bin/bin/../../lib\libm-elf.a(mulsi3.epeo)
                              C:\PROGRA~2\MICROC~1\mplabc30\v3.31\lib\libc-elf.a(atof.EPeo) (___mulsi3)
c:/progra~2/microc~1/mplabc30/v3.31/bin/bin/../../lib\libm-elf.a(divmoddi3.epeo)
                              C:\PROGRA~2\MICROC~1\mplabc30\v3.31\lib\libc-elf.a(doprnt_cdfFnopsuxX.EPeo) (___udivdi3)
c:/progra~2/microc~1/mplabc30/v3.31/bin/bin/../../lib\libm-elf.a(dcompare.epeo)
                              c:/progra~2/microc~1/mplabc30/v3.31/bin/bin/../../lib\libm-elf.a(deqltle.epeo) (__dcompare)
c:/progra~2/microc~1/mplabc30/v3.31/bin/bin/../../lib\libm-elf.a(dtype.epeo)
                              c:/progra~2/microc~1/mplabc30/v3.31/bin/bin/../../lib\libm-elf.a(dcompare.epeo) (__dtype)
